Archive member included because of file (symbol)

./gr_common/RLduino78/libraries/EEPROM/utility/pfdl.a(pfdl.o)
                              ./gr_common/RLduino78/libraries/EEPROM/utility/data_flash_util.o (PFDL_Open)
./gr_common/RLduino78/libraries/PicalicoFree/picalicoFree.a(PicalicoFree.o)
                              ./gr_common/RLduino78/libraries/PicalicoFree/PicalicoClass.o (PCFsendNum(int, int*))
./gr_common/RLduino78/libraries/PicalicoFree/picalicoFree.a(OITCodec.o)
                              ./gr_common/RLduino78/libraries/PicalicoFree/picalicoFree.a(PicalicoFree.o) (PicalicoID2CodecID(long, int))
C:/Renesas/e2studio/GNURL78v14.03-ELF/rl78-elf/rl78-elf/lib\libstdc++.a(si_class_type_info.o)
                              ./gr_common/RLduino78/cores/HardwareSerial.o (vtable for __cxxabiv1::__si_class_type_info)
C:/Renesas/e2studio/GNURL78v14.03-ELF/rl78-elf/rl78-elf/lib\libstdc++.a(new_op.o)
                              ./gr_common/RLduino78/libraries/Ethernet/Ethernet.o (operator new(unsigned int))
C:/Renesas/e2studio/GNURL78v14.03-ELF/rl78-elf/rl78-elf/lib\libstdc++.a(eh_throw.o)
                              C:/Renesas/e2studio/GNURL78v14.03-ELF/rl78-elf/rl78-elf/lib\libstdc++.a(new_op.o) (__cxa_throw)
C:/Renesas/e2studio/GNURL78v14.03-ELF/rl78-elf/rl78-elf/lib\libstdc++.a(class_type_info.o)
                              C:/Renesas/e2studio/GNURL78v14.03-ELF/rl78-elf/rl78-elf/lib\libstdc++.a(si_class_type_info.o) (__cxxabiv1::__class_type_info::__do_upcast(__cxxabiv1::__class_type_info const*, void**) const)
C:/Renesas/e2studio/GNURL78v14.03-ELF/rl78-elf/rl78-elf/lib\libstdc++.a(eh_catch.o)
                              C:/Renesas/e2studio/GNURL78v14.03-ELF/rl78-elf/rl78-elf/lib\libstdc++.a(eh_throw.o) (__cxa_begin_catch)
C:/Renesas/e2studio/GNURL78v14.03-ELF/rl78-elf/rl78-elf/lib\libstdc++.a(del_op.o)
                              ./gr_common/RLduino78/libraries/Ethernet/Ethernet.o (operator delete(void*))
C:/Renesas/e2studio/GNURL78v14.03-ELF/rl78-elf/rl78-elf/lib\libstdc++.a(eh_terminate.o)
                              C:/Renesas/e2studio/GNURL78v14.03-ELF/rl78-elf/rl78-elf/lib\libstdc++.a(eh_throw.o) (__cxxabiv1::__terminate(void (*)()))
C:/Renesas/e2studio/GNURL78v14.03-ELF/rl78-elf/rl78-elf/lib\libstdc++.a(eh_personality.o)
                              ./gr_common/RLduino78/cores/Stream.o (__gxx_personality_sj0)
C:/Renesas/e2studio/GNURL78v14.03-ELF/rl78-elf/rl78-elf/lib\libstdc++.a(eh_alloc.o)
                              C:/Renesas/e2studio/GNURL78v14.03-ELF/rl78-elf/rl78-elf/lib\libstdc++.a(new_op.o) (__cxa_allocate_exception)
C:/Renesas/e2studio/GNURL78v14.03-ELF/rl78-elf/rl78-elf/lib\libstdc++.a(eh_unex_handler.o)
                              C:/Renesas/e2studio/GNURL78v14.03-ELF/rl78-elf/rl78-elf/lib\libstdc++.a(eh_throw.o) (__cxxabiv1::__unexpected_handler)
C:/Renesas/e2studio/GNURL78v14.03-ELF/rl78-elf/rl78-elf/lib\libstdc++.a(eh_exception.o)
                              C:/Renesas/e2studio/GNURL78v14.03-ELF/rl78-elf/rl78-elf/lib\libstdc++.a(eh_personality.o) (std::bad_exception::~bad_exception())
C:/Renesas/e2studio/GNURL78v14.03-ELF/rl78-elf/rl78-elf/lib\libstdc++.a(eh_call.o)
                              C:/Renesas/e2studio/GNURL78v14.03-ELF/rl78-elf/rl78-elf/lib\libstdc++.a(eh_personality.o) (__cxa_call_terminate)
C:/Renesas/e2studio/GNURL78v14.03-ELF/rl78-elf/rl78-elf/lib\libstdc++.a(tinfo.o)
                              C:/Renesas/e2studio/GNURL78v14.03-ELF/rl78-elf/rl78-elf/lib\libstdc++.a(class_type_info.o) (std::type_info::~type_info())
C:/Renesas/e2studio/GNURL78v14.03-ELF/rl78-elf/rl78-elf/lib\libstdc++.a(eh_term_handler.o)
                              C:/Renesas/e2studio/GNURL78v14.03-ELF/rl78-elf/rl78-elf/lib\libstdc++.a(eh_throw.o) (__cxxabiv1::__terminate_handler)
C:/Renesas/e2studio/GNURL78v14.03-ELF/rl78-elf/rl78-elf/lib\libstdc++.a(pure.o)
                              ./gr_common/RLduino78/cores/HardwareSerial.o (__cxa_pure_virtual)
C:/Renesas/e2studio/GNURL78v14.03-ELF/rl78-elf/rl78-elf/lib\libstdc++.a(bad_alloc.o)
                              C:/Renesas/e2studio/GNURL78v14.03-ELF/rl78-elf/rl78-elf/lib\libstdc++.a(new_op.o) (vtable for std::bad_alloc)
C:/Renesas/e2studio/GNURL78v14.03-ELF/rl78-elf/rl78-elf/lib\libstdc++.a(new_handler.o)
                              C:/Renesas/e2studio/GNURL78v14.03-ELF/rl78-elf/rl78-elf/lib\libstdc++.a(new_op.o) (__new_handler)
C:/Renesas/e2studio/GNURL78v14.03-ELF/rl78-elf/rl78-elf/lib\libstdc++.a(eh_globals.o)
                              C:/Renesas/e2studio/GNURL78v14.03-ELF/rl78-elf/rl78-elf/lib\libstdc++.a(eh_catch.o) (__cxa_get_globals_fast)
C:/Renesas/e2studio/GNURL78v14.03-ELF/rl78-elf/rl78-elf/lib\libnosys.a(write.o)
                              C:/Renesas/e2studio/GNURL78v14.03-ELF/rl78-elf/rl78-elf/lib\libstdc++.a(pure.o) (write)
C:/Renesas/e2studio/GNURL78v14.03-ELF/rl78-elf/rl78-elf/lib\libnosys.a(errno.o)
[...]
Memory Configuration

Name             Origin             Length             Attributes
VEC              0x00000000         0x00000002         r
IVEC             0x00000004         0x0000007c         r
OPT              0x000000c0         0x00000004         r
SECURITY_ID      0x000000c4         0x0000000a         r
ROM              0x000000d8         0x0003ff28         r
RAM              0x000faf00         0x00004fe0         w
STACK            0x000ffee0         0x00000002         w
*default*        0x00000000         0xffffffff

Linker script and memory map

LOAD ./gr_sketch.o
LOAD ./gr_common/RLduino78/cores/HardwareSerial.o
LOAD ./gr_common/RLduino78/cores/IPAddress.o
LOAD ./gr_common/RLduino78/cores/MsTimer2.o
LOAD ./gr_common/RLduino78/cores/Print.o
LOAD ./gr_common/RLduino78/cores/RLduino78_basic.o
LOAD ./gr_common/RLduino78/cores/RLduino78_main.o
LOAD ./gr_common/RLduino78/cores/RLduino78_RTC.o
LOAD ./gr_common/RLduino78/cores/Stream.o
LOAD ./gr_common/RLduino78/cores/WString.o
LOAD ./gr_common/RLduino78/libraries/AndroidAccessory/AndroidAccessory.o
LOAD ./gr_common/RLduino78/libraries/EEPROM/EEPROM.o
LOAD ./gr_common/RLduino78/libraries/Ethernet/Dhcp.o
LOAD ./gr_common/RLduino78/libraries/Ethernet/Dns.o
LOAD ./gr_common/RLduino78/libraries/Ethernet/Ethernet.o
LOAD ./gr_common/RLduino78/libraries/Ethernet/EthernetClient.o
LOAD ./gr_common/RLduino78/libraries/Ethernet/EthernetServer.o
LOAD ./gr_common/RLduino78/libraries/Ethernet/EthernetUdp.o
LOAD ./gr_common/RLduino78/libraries/Ethernet/Twitter.o
LOAD ./gr_common/RLduino78/libraries/Ethernet/utility/socket.o
LOAD ./gr_common/RLduino78/libraries/Ethernet/utility/w5100.o
LOAD ./gr_common/RLduino78/libraries/Ethernet/utility/w5200.o
LOAD ./gr_common/RLduino78/libraries/Ethernet/utility/w5500.o
LOAD ./gr_common/RLduino78/libraries/Firmata/Firmata.o
LOAD ./gr_common/RLduino78/libraries/LiquidCrystal/LiquidCrystal.o
LOAD ./gr_common/RLduino78/libraries/PicalicoFree/PicalicoClass.o
LOAD ./gr_common/RLduino78/libraries/RTC/RTC.o
LOAD ./gr_common/RLduino78/libraries/SD/File.o
LOAD ./gr_common/RLduino78/libraries/SD/SD.o
LOAD ./gr_common/RLduino78/libraries/SD/utility/Sd2Card.o
LOAD ./gr_common/RLduino78/libraries/SD/utility/SdFile.o
LOAD ./gr_common/RLduino78/libraries/SD/utility/SdVolume.o
LOAD ./gr_common/RLduino78/libraries/Servo/Servo.o
LOAD ./gr_common/RLduino78/libraries/SPI/SPI.o
LOAD ./gr_common/RLduino78/libraries/Stepper/Stepper.o
LOAD ./gr_common/RLduino78/libraries/USB_Host_Shield/Max3421e.o
LOAD ./gr_common/RLduino78/libraries/USB_Host_Shield/Usb.o
LOAD ./gr_common/RLduino78/libraries/Wire/Wire.o
LOAD ./gr_common/RLduino78/portable/e2studio/RL78/exception_handler.o
LOAD ./gr_common/RLduino78/cores/RLduino78_timer.o
LOAD ./gr_common/RLduino78/libraries/EEPROM/utility/data_flash_util.o
LOAD ./gr_common/RLduino78/libraries/Wire/utility/twi.o
LOAD ./gr_common/RLduino78/portable/e2studio/RL78/interrupt_handlers.o
LOAD ./gr_common/RLduino78/portable/e2studio/RL78/vector_table.o
LOAD ./gr_common/RLduino78/portable/e2studio/RL78/reset_program.o
LOAD ./gr_common/RLduino78/libraries/EEPROM/utility/pfdl.a
LOAD ./gr_common/RLduino78/libraries/PicalicoFree/picalicoFree.a

.vec            0x00000000        0x2
 *(.vec)
 .vec           0x00000000        0x2 ./gr_common/RLduino78/portable/e2studio/RL78/reset_program.o

.ivec           0x00000004       0x7c
 *(.ivec)
 .ivec          0x00000004       0x7c ./gr_common/RLduino78/portable/e2studio/RL78/vector_table.o
                0x00000004                Vectors
 .ivec          0x00000080        0x0 ./gr_common/RLduino78/portable/e2studio/RL78/reset_program.o

.opt            0x000000c0        0x4
 *(.opt)
 .opt           0x000000c0        0x4 ./gr_common/RLduino78/portable/e2studio/RL78/vector_table.o
                0x000000c0                Option_Bytes

.security_id    0x000000c4        0xa
 *(.security_id)
 .security_id   0x000000c4        0xa ./gr_common/RLduino78/portable/e2studio/RL78/vector_table.o
                0x000000c4                Security_Id

.csstart        0x000000d8        0x4
 *(.csstart)
 .csstart       0x000000d8        0x4 ./gr_common/RLduino78/portable/e2studio/RL78/reset_program.o
                0x000000d8                _csstart

.lowtext        0x000000dc      0x3f8
 *(.plt)
 .plt           0x000000dc      0x3f8 ./gr_sketch.o
 *(.lowtext)

.data           0x000faf90      0x4a6 load address 0x000004d4
                0x000faf90                . = ALIGN (0x2)
                0x000faf90                PROVIDE (__datastart, .)
 *(.jcr)
 .jcr           0x000faf90        0x0 C:/Renesas/e2studio/GNURL78v14.03-ELF/rl78-elf/lib/gcc/rl78-elf/4.8-GNURL78_v14.03/crtbegin.o
 .jcr           0x000faf90        0x2 C:/Renesas/e2studio/GNURL78v14.03-ELF/rl78-elf/lib/gcc/rl78-elf/4.8-GNURL78_v14.03/crtend.o
 *(.data.rel.ro.local)
 *(.data.rel.ro*)
 *(.dynamic)
 *(.data D .data.* .gnu.linkonce.d.*)
 .data.led_blue
                0x000faf92        0x2 ./gr_sketch.o
                0x000faf92                led_blue
 .data.led_green
                0x000faf94        0x2 ./gr_sketch.o
                0x000faf94                led_green
 .data.led_red  0x000faf96        0x2 ./gr_sketch.o
                0x000faf96                led_red
 .data._ZL11g_u8TonePin
                0x000faf98        0x1 ./gr_common/RLduino78/cores/RLduino78_basic.o
 *fill*         0x000faf99        0x1 
 .data._ZL10g_u16TDR00
                0x000faf9a        0x2 ./gr_common/RLduino78/cores/RLduino78_basic.o
 .data._ZL8g_u8ADUL
                0x000faf9c        0x1 ./gr_common/RLduino78/cores/RLduino78_basic.o
 *fill*         0x000faf9d        0x1 
 .data._ZN8SdVolume17cacheBlockNumber_E
                0x000faf9e        0x4 ./gr_common/RLduino78/libraries/SD/utility/SdVolume.o
                0x000faf9e                SdVolume::cacheBlockNumber_
 .data.g_servo_refresh_interval
                0x000fafa2        0x2 ./gr_common/RLduino78/libraries/Servo/Servo.o
                0x000fafa2                g_servo_refresh_interval
 .data          0x000fafa4        0x4 ./gr_common/RLduino78/portable/e2studio/RL78/reset_program.o
 .data._ZN10__cxxabiv120__unexpected_handlerE
                0x000fafa8        0x2 C:/Renesas/e2studio/GNURL78v14.03-ELF/rl78-elf/rl78-elf/lib\libstdc++.a(eh_unex_handler.o)
                0x000fafa8                __cxxabiv1::__unexpected_handler
 .data._ZN10__cxxabiv119__terminate_handlerE
                0x000fafaa        0x2 C:/Renesas/e2studio/GNURL78v14.03-ELF/rl78-elf/rl78-elf/lib\libstdc++.a(eh_term_handler.o)
                0x000fafaa                __cxxabiv1::__terminate_handler
 .data          0x000fafac      0x22a C:/Renesas/e2studio/GNURL78v14.03-ELF/rl78-elf/rl78-elf/lib\libc.a(lib_a-mallocr.o)
                0x000fafac                __malloc_current_mallinfo
                0x000fafc0                __malloc_max_total_mem
                0x000fafc4                __malloc_max_sbrked_mem
                0x000fafc8                __malloc_sbrk_base
                0x000fafca                __malloc_top_pad
                0x000fafce                __malloc_trim_threshold
                0x000fafd2                __malloc_av_
 .data          0x000fb1d6      0x260 C:/Renesas/e2studio/GNURL78v14.03-ELF/rl78-elf/rl78-elf/lib\libc.a(lib_a-impure.o)
                0x000fb1d6                _impure_ptr
 *reset_program.o(*.data)
 *(.gnu.linkonce.d.*personality*)
 *(.data1)
 *(.got.plt)
 *(.got)
                0x000fb436                . = ALIGN (0x2)
 *(.sdata .sdata.* .gnu.linkonce.s.* D_2 D_1)
                0x000fb436                . = ALIGN (0x2)
                0x000fb436                _edata = .
                0x000fb436                PROVIDE (edata, .)
                0x000fb436                PROVIDE (__dataend, .)
                0x000004d4                PROVIDE (__romdatastart, LOADADDR (.data))
                0x000004a6                PROVIDE (__romdatacopysize, SIZEOF (.data))

.tm_clone_table
                0x000fb436        0x0 load address 0x0000097a
 .tm_clone_table
                0x000fb436        0x0 C:/Renesas/e2studio/GNURL78v14.03-ELF/rl78-elf/lib/gcc/rl78-elf/4.8-GNURL78_v14.03/crtbegin.o
 .tm_clone_table
                0x000fb436        0x0 C:/Renesas/e2studio/GNURL78v14.03-ELF/rl78-elf/lib/gcc/rl78-elf/4.8-GNURL78_v14.03/crtend.o

.bss            0x000fb436      0x878 load address 0x0000097a
                0x000fb436                . = ALIGN (0x2)
                0x000fb436                PROVIDE (__bssstart, .)
 *(.dynbss)
 *(.sbss .sbss.*)
 *(.bss B B_2 B_1 .bss.* .gnu.linkonce.b.*)
 .bss.cntLoop   0x000fb436        0x2 ./gr_sketch.o
                0x000fb436                cntLoop
 .bss.cnt       0x000fb438        0x2 ./gr_sketch.o
                0x000fb438                cnt
 .bss.cntTime   0x000fb43a        0x2 ./gr_sketch.o
                0x000fb43a                cntTime
 .bss.Serial2   0x000fb43c       0x12 ./gr_common/RLduino78/cores/HardwareSerial.o
                0x000fb43c                Serial2
 .bss.Serial1   0x000fb44e       0x12 ./gr_common/RLduino78/cores/HardwareSerial.o
                0x000fb44e                Serial1
 .bss.Serial    0x000fb460       0x12 ./gr_common/RLduino78/cores/HardwareSerial.o
                0x000fb460                Serial
 .bss.tx_buffer2
                0x000fb472       0x44 ./gr_common/RLduino78/cores/HardwareSerial.o
                0x000fb472                tx_buffer2
 .bss.rx_buffer2
                0x000fb4b6       0x44 ./gr_common/RLduino78/cores/HardwareSerial.o
                0x000fb4b6                rx_buffer2
 .bss.tx_buffer1
                0x000fb4fa       0x44 ./gr_common/RLduino78/cores/HardwareSerial.o
                0x000fb4fa                tx_buffer1
 .bss.rx_buffer1
                0x000fb53e       0x44 ./gr_common/RLduino78/cores/HardwareSerial.o
                0x000fb53e                rx_buffer1
 .bss.tx_buffer
                0x000fb582       0x44 ./gr_common/RLduino78/cores/HardwareSerial.o
                0x000fb582                tx_buffer
 .bss.rx_buffer
                0x000fb5c6       0x44 ./gr_common/RLduino78/cores/HardwareSerial.o
                0x000fb5c6                rx_buffer
 .bss._ZL11INADDR_NONE
                0x000fb60a        0x6 ./gr_common/RLduino78/cores/IPAddress.o
 .bss._ZL7g_SwPwm
                0x000fb610       0x18 ./gr_common/RLduino78/cores/RLduino78_basic.o
 .bss._ZL19g_u8SwPwmTicksCount
                0x000fb628        0x1 ./gr_common/RLduino78/cores/RLduino78_basic.o
 *fill*         0x000fb629        0x1 
 .bss._ZL20g_CyclicHandlerTable
                0x000fb62a       0x70 ./gr_common/RLduino78/cores/RLduino78_basic.o
 .bss._ZL22g_afInterruptFuncTable
                0x000fb69a        0x4 ./gr_common/RLduino78/cores/RLduino78_basic.o
 .bss._ZL23g_u32ToneInterruptCount
                0x000fb69e        0x4 ./gr_common/RLduino78/cores/RLduino78_basic.o
 .bss._ZL17g_u32ToneDuration
                0x000fb6a2        0x4 ./gr_common/RLduino78/cores/RLduino78_basic.o
 .bss._ZL14g_u8ToneToggle
                0x000fb6a6        0x1 ./gr_common/RLduino78/cores/RLduino78_basic.o
 .bss._ZL19g_bAdcInterruptFlag
                0x000fb6a7        0x1 ./gr_common/RLduino78/cores/RLduino78_basic.o
 .bss._ZL8g_u8ADLL
                0x000fb6a8        0x1 ./gr_common/RLduino78/cores/RLduino78_basic.o
 .bss._ZL19g_u8AnalogReference
                0x000fb6a9        0x1 ./gr_common/RLduino78/cores/RLduino78_basic.o
 .bss._ZL22g_u8OperationClockMode
                0x000fb6aa        0x1 ./gr_common/RLduino78/cores/RLduino78_basic.o
 .bss._ZL23g_u8PowerManagementMode
                0x000fb6ab        0x1 ./gr_common/RLduino78/cores/RLduino78_basic.o
 .bss._ZL29g_u8AnalogWriteAvailableTable
                0x000fb6ac       0x19 ./gr_common/RLduino78/cores/RLduino78_basic.o
 .bss.g_u8ResetFlag
                0x000fb6c5        0x1 ./gr_common/RLduino78/cores/RLduino78_main.o
                0x000fb6c5                g_u8ResetFlag
 .bss._ZL33g_fRTCConstantPeriodInterruptFunc
                0x000fb6c6        0x2 ./gr_common/RLduino78/cores/RLduino78_RTC.o
 .bss._ZL19g_fRTCInterruptFunc
                0x000fb6c8        0x2 ./gr_common/RLduino78/cores/RLduino78_RTC.o
 .bss._ZL11INADDR_NONE
                0x000fb6ca        0x6 ./gr_common/RLduino78/libraries/Ethernet/Dhcp.o
 .bss._ZL11INADDR_NONE
                0x000fb6d0        0x6 ./gr_common/RLduino78/libraries/Ethernet/Dns.o
 .bss.Ethernet  0x000fb6d6        0x8 ./gr_common/RLduino78/libraries/Ethernet/Ethernet.o
                0x000fb6d6                Ethernet
 .bss._ZL11INADDR_NONE
                0x000fb6de        0x6 ./gr_common/RLduino78/libraries/Ethernet/Ethernet.o
 .bss._ZL11INADDR_NONE
                0x000fb6e4        0x6 ./gr_common/RLduino78/libraries/Ethernet/EthernetClient.o
 .bss._ZL11INADDR_NONE
                0x000fb6ea        0x6 ./gr_common/RLduino78/libraries/Ethernet/EthernetServer.o
 .bss._ZL11INADDR_NONE
                0x000fb6f0        0x6 ./gr_common/RLduino78/libraries/Ethernet/EthernetUdp.o
 .bss._ZL11INADDR_NONE
                0x000fb6f6        0x6 ./gr_common/RLduino78/libraries/Ethernet/Twitter.o
 .bss.Firmata   0x000fb6fc       0x3c ./gr_common/RLduino78/libraries/Firmata/Firmata.o
                0x000fb6fc                Firmata
 .bss.SD        0x000fb738       0x50 ./gr_common/RLduino78/libraries/SD/SD.o
                0x000fb738                SD
 .bss._ZN6SdFile9dateTime_E
                0x000fb788        0x2 ./gr_common/RLduino78/libraries/SD/utility/SdFile.o
                0x000fb788                SdFile::dateTime_
 .bss._ZN8SdVolume17cacheMirrorBlock_E
                0x000fb78a        0x4 ./gr_common/RLduino78/libraries/SD/utility/SdVolume.o
                0x000fb78a                SdVolume::cacheMirrorBlock_
 .bss._ZN8SdVolume11cacheDirty_E
                0x000fb78e        0x1 ./gr_common/RLduino78/libraries/SD/utility/SdVolume.o
                0x000fb78e                SdVolume::cacheDirty_
 *fill*         0x000fb78f        0x1 
 .bss._ZN8SdVolume7sdCard_E
                0x000fb790        0x2 ./gr_common/RLduino78/libraries/SD/utility/SdVolume.o
                0x000fb790                SdVolume::sdCard_
 .bss._ZN8SdVolume12cacheBuffer_E
                0x000fb792      0x206 ./gr_common/RLduino78/libraries/SD/utility/SdVolume.o
                0x000fb792                SdVolume::cacheBuffer_
 .bss.totalTicks
                0x000fb998        0x2 ./gr_common/RLduino78/libraries/Servo/Servo.o
                0x000fb998                totalTicks
 .bss.ServoCount
                0x000fb99a        0x1 ./gr_common/RLduino78/libraries/Servo/Servo.o
                0x000fb99a                ServoCount
 .bss._ZL7Channel
                0x000fb99b        0x1 ./gr_common/RLduino78/libraries/Servo/Servo.o
 .bss._ZL6servos
                0x000fb99c       0x30 ./gr_common/RLduino78/libraries/Servo/Servo.o
 .bss.Wire      0x000fb9cc        0xc ./gr_common/RLduino78/libraries/Wire/Wire.o
                0x000fb9cc                Wire
 .bss._ZN7TwoWire12transmittingE
                0x000fb9d8        0x1 ./gr_common/RLduino78/libraries/Wire/Wire.o
                0x000fb9d8                TwoWire::transmitting
 .bss._ZN7TwoWire14txBufferLengthE
                0x000fb9d9        0x1 ./gr_common/RLduino78/libraries/Wire/Wire.o
                0x000fb9d9                TwoWire::txBufferLength
 .bss._ZN7TwoWire13txBufferIndexE
                0x000fb9da        0x1 ./gr_common/RLduino78/libraries/Wire/Wire.o
                0x000fb9da                TwoWire::txBufferIndex
 .bss._ZN7TwoWire8txBufferE
                0x000fb9db       0x20 ./gr_common/RLduino78/libraries/Wire/Wire.o
                0x000fb9db                TwoWire::txBuffer
 .bss._ZN7TwoWire14rxBufferLengthE
                0x000fb9fb        0x1 ./gr_common/RLduino78/libraries/Wire/Wire.o
                0x000fb9fb                TwoWire::rxBufferLength
 .bss._ZN7TwoWire13rxBufferIndexE
                0x000fb9fc        0x1 ./gr_common/RLduino78/libraries/Wire/Wire.o
                0x000fb9fc                TwoWire::rxBufferIndex
 .bss._ZN7TwoWire8rxBufferE
                0x000fb9fd       0x20 ./gr_common/RLduino78/libraries/Wire/Wire.o
                0x000fb9fd                TwoWire::rxBuffer
 *fill*         0x000fba1d        0x1 
 .bss.g_fITInterruptFunc
                0x000fba1e        0x2 ./gr_common/RLduino78/cores/RLduino78_timer.o
                0x000fba1e                g_fITInterruptFunc
 .bss.g_timer05_overflow_count
                0x000fba20        0x4 ./gr_common/RLduino78/cores/RLduino78_timer.o
                0x000fba20                g_timer05_overflow_count
 .bss.g_u32delay_timer
                0x000fba24        0x4 ./gr_common/RLduino78/cores/RLduino78_timer.o
                0x000fba24                g_u32delay_timer
 .bss.g_u32timer_millis
                0x000fba28        0x4 ./gr_common/RLduino78/cores/RLduino78_timer.o
                0x000fba28                g_u32timer_millis
 .bss.i2cSlaveReciver
                0x000fba2c        0x1 ./gr_common/RLduino78/libraries/Wire/utility/twi.o
 .bss.i2cStop   0x000fba2d        0x1 ./gr_common/RLduino78/libraries/Wire/utility/twi.o
 .bss.twi_error
                0x000fba2e        0x1 ./gr_common/RLduino78/libraries/Wire/utility/twi.o
 .bss.twi_rxBufferIndex
                0x000fba2f        0x1 ./gr_common/RLduino78/libraries/Wire/utility/twi.o
 .bss.twi_rxBuffer
                0x000fba30       0x20 ./gr_common/RLduino78/libraries/Wire/utility/twi.o
 .bss.twi_txBufferLength
                0x000fba50        0x1 ./gr_common/RLduino78/libraries/Wire/utility/twi.o
 .bss.twi_txBufferIndex
                0x000fba51        0x1 ./gr_common/RLduino78/libraries/Wire/utility/twi.o
 .bss.twi_txBuffer
                0x000fba52       0x20 ./gr_common/RLduino78/libraries/Wire/utility/twi.o
 .bss.twi_masterBufferLength
                0x000fba72        0x1 ./gr_common/RLduino78/libraries/Wire/utility/twi.o
 .bss.twi_masterBufferIndex
                0x000fba73        0x1 ./gr_common/RLduino78/libraries/Wire/utility/twi.o
 .bss.twi_masterBuffer
                0x000fba74       0x20 ./gr_common/RLduino78/libraries/Wire/utility/twi.o
 .bss.twi_onSlaveReceive
                0x000fba94        0x2 ./gr_common/RLduino78/libraries/Wire/utility/twi.o
 .bss.twi_onSlaveTransmit
                0x000fba96        0x2 ./gr_common/RLduino78/libraries/Wire/utility/twi.o
 .bss.twi_inRepStart
                0x000fba98        0x1 ./gr_common/RLduino78/libraries/Wire/utility/twi.o
 .bss.twi_sendStop
                0x000fba99        0x1 ./gr_common/RLduino78/libraries/Wire/utility/twi.o
 .bss.twi_state
                0x000fba9a        0x1 ./gr_common/RLduino78/libraries/Wire/utility/twi.o
 *fill*         0x000fba9b        0x1 
 .bss.INT_TM_HOOK
                0x000fba9c        0x2 ./gr_common/RLduino78/portable/e2studio/RL78/interrupt_handlers.o
                0x000fba9c                INT_TM_HOOK
 .bss           0x000fba9e        0x0 ./gr_common/RLduino78/portable/e2studio/RL78/reset_program.o
 .bss           0x000fba9e        0x4 C:/Renesas/e2studio/GNURL78v14.03-ELF/rl78-elf/lib/gcc/rl78-elf/4.8-GNURL78_v14.03/crtbegin.o
 .bss._ZL14emergency_used
                0x000fbaa2        0x2 C:/Renesas/e2studio/GNURL78v14.03-ELF/rl78-elf/rl78-elf/lib\libstdc++.a(eh_alloc.o)
 .bss._ZL16emergency_buffer
                0x000fbaa4      0x200 C:/Renesas/e2studio/GNURL78v14.03-ELF/rl78-elf/rl78-elf/lib\libstdc++.a(eh_alloc.o)
 .bss._ZL10eh_globals
                0x000fbca4        0x4 C:/Renesas/e2studio/GNURL78v14.03-ELF/rl78-elf/rl78-elf/lib\libstdc++.a(eh_globals.o)
 .bss.fc_static
                0x000fbca8        0x2 C:/Renesas/e2studio/GNURL78v14.03-ELF/rl78-elf/lib/gcc/rl78-elf/4.8-GNURL78_v14.03\libgcc.a(unwind-sjlj.o)
 .bss           0x000fbcaa        0x2 C:/Renesas/e2studio/GNURL78v14.03-ELF/rl78-elf/rl78-elf/lib\libnosys.a(sbrk.o)
 *reset_program.o(.bss)
                0x000fbcac                . = ALIGN (0x2)
 *(COMMON)
 COMMON         0x000fbcac        0x2 C:/Renesas/e2studio/GNURL78v14.03-ELF/rl78-elf/rl78-elf/lib\libnosys.a(errno.o)
                0x000fbcac                errno
                0x000fbcae                . = ALIGN (0x2)
                0x000fbcae                PROVIDE (__bssend, .)
                0x000fbcae                _end = .
                0x000fbcae                PROVIDE (end, .)
                0x00000878                PROVIDE (__bsssize, SIZEOF (.bss))

.stack          0x000ffe00        0x0
                0x000ffe00                PROVIDE (__stack, .)
 *(.stack)

.rodata         0x00003000      0x3b8
                0x00003000                . = ALIGN (0x2)
 *(.plt)
 *(.rodata C C_2 C_1 .rodata.* .gnu.linkonce.r.*)
 .rodata        0x00003000        0xe ./gr_sketch.o
 .rodata._ZTI6Stream
                0x0000300e        0x6 ./gr_common/RLduino78/cores/HardwareSerial.o
                0x0000300e                typeinfo for Stream
 .rodata._ZTS6Stream
                0x00003014        0x8 ./gr_common/RLduino78/cores/HardwareSerial.o
                0x00003014                typeinfo name for Stream
 .rodata._ZTS14HardwareSerial
                0x0000301c       0x11 ./gr_common/RLduino78/cores/HardwareSerial.o
                0x0000301c                typeinfo name for HardwareSerial
 *fill*         0x0000302d        0x1 
 .rodata._ZTI14HardwareSerial
                0x0000302e        0x6 ./gr_common/RLduino78/cores/HardwareSerial.o
                0x0000302e                typeinfo for HardwareSerial
 .rodata._ZTV14HardwareSerial
                0x00003034       0x10 ./gr_common/RLduino78/cores/HardwareSerial.o
                0x00003034                vtable for HardwareSerial
 .rodata._ZTI9Printable
                0x00003044        0x4 ./gr_common/RLduino78/cores/IPAddress.o
                0x00003044                typeinfo for Printable
 .rodata._ZTS9Printable
                0x00003048        0xb ./gr_common/RLduino78/cores/IPAddress.o
                0x00003048                typeinfo name for Printable
 .rodata._ZTS9IPAddress
                0x00003053        0xb ./gr_common/RLduino78/cores/IPAddress.o
                0x00003053                typeinfo name for IPAddress
 .rodata._ZTI9IPAddress
                0x0000305e        0x6 ./gr_common/RLduino78/cores/IPAddress.o
                0x0000305e                typeinfo for IPAddress
 .rodata._ZTV9IPAddress
                0x00003064        0x6 ./gr_common/RLduino78/cores/IPAddress.o
                0x00003064                vtable for IPAddress
 .rodata._ZTS5Print
                0x0000306a        0x7 ./gr_common/RLduino78/cores/Print.o
                0x0000306a                typeinfo name for Print
 *fill*         0x00003071        0x1 
 .rodata._ZTI5Print
                0x00003072        0x4 ./gr_common/RLduino78/cores/Print.o
                0x00003072                typeinfo for Print
 .rodata.PinTable
                0x00003076      0x15e ./gr_common/RLduino78/cores/RLduino78_basic.o
                0x00003076                PinTable
 .rodata._ZTS6SdFile
                0x000031d4        0x8 ./gr_common/RLduino78/libraries/SD/utility/SdFile.o
                0x000031d4                typeinfo name for SdFile
 .rodata._ZTI6SdFile
                0x000031dc        0x6 ./gr_common/RLduino78/libraries/SD/utility/SdFile.o
                0x000031dc                typeinfo for SdFile
 .rodata._ZTV6SdFile
                0x000031e2        0x8 ./gr_common/RLduino78/libraries/SD/utility/SdFile.o
                0x000031e2                vtable for SdFile
 .rodata._ZTS7TwoWire
                0x000031ea        0x9 ./gr_common/RLduino78/libraries/Wire/Wire.o
                0x000031ea                typeinfo name for TwoWire
 *fill*         0x000031f3        0x1 
 .rodata._ZTI7TwoWire
                0x000031f4        0x6 ./gr_common/RLduino78/libraries/Wire/Wire.o
                0x000031f4                typeinfo for TwoWire
 .rodata._ZTV7TwoWire
                0x000031fa       0x10 ./gr_common/RLduino78/libraries/Wire/Wire.o
                0x000031fa                vtable for TwoWire
 .rodata._ZTSN10__cxxabiv120__si_class_type_infoE
                0x0000320a       0x25 C:/Renesas/e2studio/GNURL78v14.03-ELF/rl78-elf/rl78-elf/lib\libstdc++.a(si_class_type_info.o)
                0x0000320a                typeinfo name for __cxxabiv1::__si_class_type_info
 *fill*         0x0000322f        0x1 
 .rodata._ZTIN10__cxxabiv120__si_class_type_infoE
                0x00003230        0x6 C:/Renesas/e2studio/GNURL78v14.03-ELF/rl78-elf/rl78-elf/lib\libstdc++.a(si_class_type_info.o)
                0x00003230                typeinfo for __cxxabiv1::__si_class_type_info
 .rodata._ZTVN10__cxxabiv120__si_class_type_infoE
                0x00003236       0x16 C:/Renesas/e2studio/GNURL78v14.03-ELF/rl78-elf/rl78-elf/lib\libstdc++.a(si_class_type_info.o)
                0x00003236                vtable for __cxxabiv1::__si_class_type_info
 .rodata._ZTSN10__cxxabiv117__class_type_infoE
                0x0000324c       0x22 C:/Renesas/e2studio/GNURL78v14.03-ELF/rl78-elf/rl78-elf/lib\libstdc++.a(class_type_info.o)
                0x0000324c                typeinfo name for __cxxabiv1::__class_type_info
 .rodata._ZTIN10__cxxabiv117__class_type_infoE
                0x0000326e        0x6 C:/Renesas/e2studio/GNURL78v14.03-ELF/rl78-elf/rl78-elf/lib\libstdc++.a(class_type_info.o)
                0x0000326e                typeinfo for __cxxabiv1::__class_type_info
 .rodata._ZTVN10__cxxabiv117__class_type_infoE
                0x00003274       0x16 C:/Renesas/e2studio/GNURL78v14.03-ELF/rl78-elf/rl78-elf/lib\libstdc++.a(class_type_info.o)
                0x00003274                vtable for __cxxabiv1::__class_type_info
 .rodata        0x0000328a       0x22 C:/Renesas/e2studio/GNURL78v14.03-ELF/rl78-elf/rl78-elf/lib\libstdc++.a(eh_exception.o)
 .rodata._ZTSSt9exception
                0x000032ac        0xd C:/Renesas/e2studio/GNURL78v14.03-ELF/rl78-elf/rl78-elf/lib\libstdc++.a(eh_exception.o)
                0x000032ac                typeinfo name for std::exception
 *fill*         0x000032b9        0x1 
 .rodata._ZTISt9exception
                0x000032ba        0x4 C:/Renesas/e2studio/GNURL78v14.03-ELF/rl78-elf/rl78-elf/lib\libstdc++.a(eh_exception.o)
                0x000032ba                typeinfo for std::exception
 .rodata._ZTSSt13bad_exception
                0x000032be       0x12 C:/Renesas/e2studio/GNURL78v14.03-ELF/rl78-elf/rl78-elf/lib\libstdc++.a(eh_exception.o)
                0x000032be                typeinfo name for std::bad_exception
 .rodata._ZTISt13bad_exception
                0x000032d0        0x6 C:/Renesas/e2studio/GNURL78v14.03-ELF/rl78-elf/rl78-elf/lib\libstdc++.a(eh_exception.o)
                0x000032d0                typeinfo for std::bad_exception
 .rodata._ZTSN10__cxxabiv115__forced_unwindE
                0x000032d6       0x20 C:/Renesas/e2studio/GNURL78v14.03-ELF/rl78-elf/rl78-elf/lib\libstdc++.a(eh_exception.o)
                0x000032d6                typeinfo name for __cxxabiv1::__forced_unwind
 .rodata._ZTIN10__cxxabiv115__forced_unwindE
                0x000032f6        0x4 C:/Renesas/e2studio/GNURL78v14.03-ELF/rl78-elf/rl78-elf/lib\libstdc++.a(eh_exception.o)
                0x000032f6                typeinfo for __cxxabiv1::__forced_unwind
 .rodata._ZTSN10__cxxabiv119__foreign_exceptionE
                0x000032fa       0x24 C:/Renesas/e2studio/GNURL78v14.03-ELF/rl78-elf/rl78-elf/lib\libstdc++.a(eh_exception.o)
                0x000032fa                typeinfo name for __cxxabiv1::__foreign_exception
 .rodata._ZTIN10__cxxabiv119__foreign_exceptionE
                0x0000331e        0x4 C:/Renesas/e2studio/GNURL78v14.03-ELF/rl78-elf/rl78-elf/lib\libstdc++.a(eh_exception.o)
                0x0000331e                typeinfo for __cxxabiv1::__foreign_exception
 .rodata._ZTVSt9exception
                0x00003322        0xa C:/Renesas/e2studio/GNURL78v14.03-ELF/rl78-elf/rl78-elf/lib\libstdc++.a(eh_exception.o)
                0x00003322                vtable for std::exception
 .rodata._ZTVSt13bad_exception
                0x0000332c        0xa C:/Renesas/e2studio/GNURL78v14.03-ELF/rl78-elf/rl78-elf/lib\libstdc++.a(eh_exception.o)
                0x0000332c                vtable for std::bad_exception
 .rodata._ZTSSt9type_info
                0x00003336        0xd C:/Renesas/e2studio/GNURL78v14.03-ELF/rl78-elf/rl78-elf/lib\libstdc++.a(tinfo.o)
                0x00003336                typeinfo name for std::type_info
 *fill*         0x00003343        0x1 
 .rodata._ZTISt9type_info
                0x00003344        0x4 C:/Renesas/e2studio/GNURL78v14.03-ELF/rl78-elf/rl78-elf/lib\libstdc++.a(tinfo.o)
                0x00003344                typeinfo for std::type_info
 .rodata._ZTVSt9type_info
                0x00003348       0x10 C:/Renesas/e2studio/GNURL78v14.03-ELF/rl78-elf/rl78-elf/lib\libstdc++.a(tinfo.o)
                0x00003348                vtable for std::type_info
 .rodata        0x00003358        0x4 C:/Renesas/e2studio/GNURL78v14.03-ELF/rl78-elf/rl78-elf/lib\libc.a(lib_a-impure.o)
                0x00003358                _global_impure_ptr
 *(.rodata1)
 *(.eh_frame_hdr)
 *(.eh_frame)
 *(.gcc_except_table)
 *(.gcc_except_table.*)
 .gcc_except_table._ZN10__cxxabiv111__terminateEPFvvE
                0x0000335c       0x18 C:/Renesas/e2studio/GNURL78v14.03-ELF/rl78-elf/rl78-elf/lib\libstdc++.a(eh_terminate.o)
 .gcc_except_table.__gxx_personality_sj0
                0x00003374       0x10 C:/Renesas/e2studio/GNURL78v14.03-ELF/rl78-elf/rl78-elf/lib\libstdc++.a(eh_personality.o)
 .gcc_except_table.__cxa_call_unexpected
                0x00003384       0x10 C:/Renesas/e2studio/GNURL78v14.03-ELF/rl78-elf/rl78-elf/lib\libstdc++.a(eh_personality.o)
                0x00003394                PROVIDE (__preinit_array_start, .)
 *(.preinit_array)
                0x00003394                PROVIDE (__preinit_array_end, .)
                0x00003394                PROVIDE (__init_array_start, .)
 *(SORT(.init_array.*))
 *(.init_array)
                0x00003394                PROVIDE (__init_array_end, .)
                0x00003394                PROVIDE (__fini_array_start, .)
 *(.fini_array)
 *(SORT(.fini_array.*))
                0x00003394                PROVIDE (__fini_array_end, .)
                0x00003394        0x4 LONG 0x0
 *crtbegin*.o(.ctors)
 .ctors         0x00003398        0x2 C:/Renesas/e2studio/GNURL78v14.03-ELF/rl78-elf/lib/gcc/rl78-elf/4.8-GNURL78_v14.03/crtbegin.o
 *(EXCLUDE_FILE(*crtend*.o) .ctors)
 .ctors         0x0000339a        0x2 ./gr_common/RLduino78/cores/HardwareSerial.o
 .ctors         0x0000339c        0x2 ./gr_common/RLduino78/cores/IPAddress.o
 .ctors         0x0000339e        0x2 ./gr_common/RLduino78/libraries/Ethernet/Dhcp.o
 .ctors         0x000033a0        0x2 ./gr_common/RLduino78/libraries/Ethernet/Dns.o
 .ctors         0x000033a2        0x2 ./gr_common/RLduino78/libraries/Ethernet/Ethernet.o
 .ctors         0x000033a4        0x2 ./gr_common/RLduino78/libraries/Ethernet/EthernetClient.o
 .ctors         0x000033a6        0x2 ./gr_common/RLduino78/libraries/Ethernet/EthernetServer.o
 .ctors         0x000033a8        0x2 ./gr_common/RLduino78/libraries/Ethernet/EthernetUdp.o
 .ctors         0x000033aa        0x2 ./gr_common/RLduino78/libraries/Ethernet/Twitter.o
 .ctors         0x000033ac        0x2 ./gr_common/RLduino78/libraries/Firmata/Firmata.o
 .ctors         0x000033ae        0x2 ./gr_common/RLduino78/libraries/SD/SD.o
 .ctors         0x000033b0        0x2 ./gr_common/RLduino78/libraries/Wire/Wire.o
 *(SORT(.ctors.*))
 *(.ctors)
 .ctors         0x000033b2        0x2 C:/Renesas/e2studio/GNURL78v14.03-ELF/rl78-elf/lib/gcc/rl78-elf/4.8-GNURL78_v14.03/crtend.o
 *crtbegin*.o(.dtors)
 .dtors         0x000033b4        0x2 C:/Renesas/e2studio/GNURL78v14.03-ELF/rl78-elf/lib/gcc/rl78-elf/4.8-GNURL78_v14.03/crtbegin.o
 *(EXCLUDE_FILE(*crtend*.o) .dtors)
 *(SORT(.dtors.*))
 *(.dtors)
 .dtors         0x000033b6        0x2 C:/Renesas/e2studio/GNURL78v14.03-ELF/rl78-elf/lib/gcc/rl78-elf/4.8-GNURL78_v14.03/crtend.o
                0x000033b6                __DTOR_END__

.text           0x000033b8     0x90cc
                0x000033b8                PROVIDE (_start, .)
 *(.text P .stub .text.* .gnu.linkonce.t.*)
 .text._Z7myCyclem
                0x000033b8       0x84 ./gr_sketch.o
                0x000033b8                myCycle(unsigned long)
 .text.setup    0x0000343c      0x17a ./gr_sketch.o
                0x0000343c                setup
 .text._Z7bcd2teni
                0x000035b6      0x334 ./gr_sketch.o
                0x000035b6                bcd2ten(int)
 .text.loop     0x000038ea       0x91 ./gr_sketch.o
                0x000038ea                loop
 .text._ZN14HardwareSerial9availableEv
                0x0000397b       0x25 ./gr_common/RLduino78/cores/HardwareSerial.o
                0x0000397b                HardwareSerial::available()
 .text._ZN14HardwareSerial4peekEv
                0x000039a0       0x3d ./gr_common/RLduino78/cores/HardwareSerial.o
                0x000039a0                HardwareSerial::peek()
 .text._ZN14HardwareSerial4readEv
                0x000039dd       0x53 ./gr_common/RLduino78/cores/HardwareSerial.o
                0x000039dd                HardwareSerial::read()
 .text._ZN14HardwareSerial5writeEh
                0x00003a30      0x120 ./gr_common/RLduino78/cores/HardwareSerial.o
                0x00003a30                HardwareSerial::write(unsigned char)
 .text._ZN14HardwareSerial5flushEv
                0x00003b50       0x94 ./gr_common/RLduino78/cores/HardwareSerial.o
                0x00003b50                HardwareSerial::flush()
 .text._Z10store_charhP11ring_buffer
                0x00003be4       0x3e ./gr_common/RLduino78/cores/HardwareSerial.o
                0x00003be4                store_char(unsigned char, ring_buffer*)
 .text.uart_rx_interrupt
                0x00003c22       0x13 ./gr_common/RLduino78/cores/HardwareSerial.o
                0x00003c22                uart_rx_interrupt
 .text.uart1_rx_interrupt
                0x00003c35       0x13 ./gr_common/RLduino78/cores/HardwareSerial.o
                0x00003c35                uart1_rx_interrupt
 .text.uart2_rx_interrupt
                0x00003c48       0x13 ./gr_common/RLduino78/cores/HardwareSerial.o
                0x00003c48                uart2_rx_interrupt
 .text.uart_tx_interrupt
                0x00003c5b       0x33 ./gr_common/RLduino78/cores/HardwareSerial.o
                0x00003c5b                uart_tx_interrupt
 .text.uart1_tx_interrupt
                0x00003c8e       0x33 ./gr_common/RLduino78/cores/HardwareSerial.o
                0x00003c8e                uart1_tx_interrupt
 .text.uart2_tx_interrupt
                0x00003cc1       0x33 ./gr_common/RLduino78/cores/HardwareSerial.o
                0x00003cc1                uart2_tx_interrupt
 .text.uart_error_interrupt
                0x00003cf4        0xa ./gr_common/RLduino78/cores/HardwareSerial.o
                0x00003cf4                uart_error_interrupt
 .text.uart1_error_interrupt
                0x00003cfe        0xa ./gr_common/RLduino78/cores/HardwareSerial.o
                0x00003cfe                uart1_error_interrupt
 .text.uart2_error_interrupt
                0x00003d08        0xa ./gr_common/RLduino78/cores/HardwareSerial.o
                0x00003d08                uart2_error_interrupt
 .text._ZN14HardwareSerial10uart_init1Ev
                0x00003d12      0x108 ./gr_common/RLduino78/cores/HardwareSerial.o
                0x00003d12                HardwareSerial::uart_init1()
 .text._ZN14HardwareSerial10uart_init2Ev
                0x00003e1a       0xf6 ./gr_common/RLduino78/cores/HardwareSerial.o
                0x00003e1a                HardwareSerial::uart_init2()
 .text._ZN14HardwareSerial5beginEm
                0x00003f10      0x1a3 ./gr_common/RLduino78/cores/HardwareSerial.o
                0x00003f10                HardwareSerial::begin(unsigned long)
 .text.startup._GLOBAL__sub_I_rx_buffer
                0x000040b3       0x80 ./gr_common/RLduino78/cores/HardwareSerial.o
 .text._ZNK9IPAddress7printToER5Print
                0x00004133       0x7f ./gr_common/RLduino78/cores/IPAddress.o
                0x00004133                IPAddress::printTo(Print&) const
 .text._ZN9IPAddressC2Ev
                0x000041b2       0x26 ./gr_common/RLduino78/cores/IPAddress.o
                0x000041b2                IPAddress::IPAddress()
                0x000041b2                IPAddress::IPAddress()
 .text._ZN9IPAddressC2Ehhhh
                0x000041d8       0x25 ./gr_common/RLduino78/cores/IPAddress.o
                0x000041d8                IPAddress::IPAddress(unsigned char, unsigned char, unsigned char, unsigned char)
                0x000041d8                IPAddress::IPAddress(unsigned char, unsigned char, unsigned char, unsigned char)
 .text.startup._GLOBAL__sub_I__ZN9IPAddressC2Ev
                0x000041fd       0x1a ./gr_common/RLduino78/cores/IPAddress.o
 .text._ZN5Print5writeEPKhj
                0x00004217       0x5a ./gr_common/RLduino78/cores/Print.o
                0x00004217                Print::write(unsigned char const*, unsigned int)
 .text._ZN5Print5writeEPKc
                0x00004271       0x49 ./gr_common/RLduino78/cores/Print.o
                0x00004271                Print::write(char const*)
 .text._ZN5Print5printEPKc
                0x000042ba       0x11 ./gr_common/RLduino78/cores/Print.o
                0x000042ba                Print::print(char const*)
 .text._ZN5Print5printEc
                0x000042cb       0x25 ./gr_common/RLduino78/cores/Print.o
                0x000042cb                Print::print(char)
 .text._ZN5Print7printlnEv
                0x000042f0       0x35 ./gr_common/RLduino78/cores/Print.o
                0x000042f0                Print::println()
 .text._ZN5Print11printNumberEmh
                0x00004325       0xc7 ./gr_common/RLduino78/cores/Print.o
                0x00004325                Print::printNumber(unsigned long, unsigned char)
 .text._ZN5Print5printEli
                0x000043ec       0xd3 ./gr_common/RLduino78/cores/Print.o
                0x000043ec                Print::print(long, int)
 .text._ZN5Print5printEii
                0x000044bf       0x1f ./gr_common/RLduino78/cores/Print.o
                0x000044bf                Print::print(int, int)
 .text._ZN5Print7printlnEii
                0x000044de       0x35 ./gr_common/RLduino78/cores/Print.o
                0x000044de                Print::println(int, int)
 .text._ZN5Print5printEmi
                0x00004513       0x5e ./gr_common/RLduino78/cores/Print.o
                0x00004513                Print::print(unsigned long, int)
 .text._ZN5Print5printEhi
                0x00004571       0x1e ./gr_common/RLduino78/cores/Print.o
                0x00004571                Print::print(unsigned char, int)
 .text._ZL18_startTimerChannelhttbb
                0x0000458f      0x22b ./gr_common/RLduino78/cores/RLduino78_basic.o
 .text._ZL17_stopTimerChannelh
                0x000047ba      0x105 ./gr_common/RLduino78/cores/RLduino78_basic.o
 .text._ZL24enterPowerManagementModem
                0x000048bf       0xd7 ./gr_common/RLduino78/cores/RLduino78_basic.o
 .text._ZL9_stopTAU0v
                0x00004996       0x20 ./gr_common/RLduino78/cores/RLduino78_basic.o
 .text._ZL10_startTAU0t.constprop.5
                0x000049b6       0x1e ./gr_common/RLduino78/cores/RLduino78_basic.o
 .text._Z20initArduinoFrameworkv
                0x000049d4        0x5 ./gr_common/RLduino78/cores/RLduino78_basic.o
                0x000049d4                initArduinoFramework()
 .text._Z26attachIntervalTimerHandlerPFvmE
                0x000049d9        0x6 ./gr_common/RLduino78/cores/RLduino78_basic.o
                0x000049d9                attachIntervalTimerHandler(void (*)(unsigned long))
 .text.analogWriteFrequency
                0x000049df       0x40 ./gr_common/RLduino78/cores/RLduino78_basic.o
                0x000049df                analogWriteFrequency
 .text.millis   0x00004a1f       0x20 ./gr_common/RLduino78/cores/RLduino78_basic.o
                0x00004a1f                millis
 .text._Z17execCyclicHandlerv
                0x00004a3f       0xb5 ./gr_common/RLduino78/cores/RLduino78_basic.o
                0x00004a3f                execCyclicHandler()
 .text.micros   0x00004af4      0x1fd ./gr_common/RLduino78/cores/RLduino78_basic.o
                0x00004af4                micros
 .text.delay    0x00004cf1       0x75 ./gr_common/RLduino78/cores/RLduino78_basic.o
                0x00004cf1                delay
 .text.delayMicroseconds
                0x00004d66       0x7e ./gr_common/RLduino78/cores/RLduino78_basic.o
                0x00004d66                delayMicroseconds
 .text._ZL11_analogReadh
                0x00004de4      0x144 ./gr_common/RLduino78/cores/RLduino78_basic.o
 .text._Z14getTemperatureh
                0x00004f28       0xed ./gr_common/RLduino78/cores/RLduino78_basic.o
                0x00004f28                getTemperature(unsigned char)
 .text._Z10randomSeedj
                0x00005015       0x16 ./gr_common/RLduino78/cores/RLduino78_basic.o
                0x00005015                randomSeed(unsigned int)
 .text._Z6randomll
                0x0000502b       0xaa ./gr_common/RLduino78/cores/RLduino78_basic.o
                0x0000502b                random(long, long)
 .text.external_interrupt_0
                0x000050d5       0x13 ./gr_common/RLduino78/cores/RLduino78_basic.o
                0x000050d5                external_interrupt_0
 .text.external_interrupt_1
                0x000050e8       0x13 ./gr_common/RLduino78/cores/RLduino78_basic.o
                0x000050e8                external_interrupt_1
 .text.adc_interrupt
                0x000050fb        0x4 ./gr_common/RLduino78/cores/RLduino78_basic.o
                0x000050fb                adc_interrupt
 .text.tm05_interrupt
                0x000050ff       0x26 ./gr_common/RLduino78/cores/RLduino78_basic.o
                0x000050ff                tm05_interrupt
 .text.tm06_interrupt
                0x00005125       0x98 ./gr_common/RLduino78/cores/RLduino78_basic.o
                0x00005125                tm06_interrupt
 .text.pinMode  0x000051bd      0x26f ./gr_common/RLduino78/cores/RLduino78_basic.o
                0x000051bd                pinMode
 .text._Z6noToneh
                0x0000542c       0x2b ./gr_common/RLduino78/cores/RLduino78_basic.o
                0x0000542c                noTone(unsigned char)
 .text.digitalWrite
                0x00005457       0x56 ./gr_common/RLduino78/cores/RLduino78_basic.o
                0x00005457                digitalWrite
 .text.analogWrite
                0x000054ad      0x3de ./gr_common/RLduino78/cores/RLduino78_basic.o
                0x000054ad                analogWrite
 .text.tone_interrupt
                0x0000588b       0x78 ./gr_common/RLduino78/cores/RLduino78_basic.o
                0x0000588b                tone_interrupt
 .text.HardwareSetup
                0x00005903       0x1d ./gr_common/RLduino78/cores/RLduino78_main.o
                0x00005903                HardwareSetup
 .text.startup.main
                0x00005920       0x24 ./gr_common/RLduino78/cores/RLduino78_main.o
                0x00005920                main
 .text.abort    0x00005944        0x4 ./gr_common/RLduino78/cores/RLduino78_main.o
                0x00005944                exit
                0x00005944                abort
 .text.rtc_interrupt
                0x00005948       0x4b ./gr_common/RLduino78/cores/RLduino78_RTC.o
                0x00005948                rtc_interrupt
 .text.startup._GLOBAL__sub_I__ZN9DhcpClass13beginWithDHCPEPhmm
                0x00005993       0x1a ./gr_common/RLduino78/libraries/Ethernet/Dhcp.o
 .text.startup._GLOBAL__sub_I__ZN9DNSClient5beginERK9IPAddress
                0x000059ad       0x1a ./gr_common/RLduino78/libraries/Ethernet/Dns.o
 .text.startup._GLOBAL__sub_I__ZN13EthernetClass6_stateE
                0x000059c7       0x23 ./gr_common/RLduino78/libraries/Ethernet/Ethernet.o
 .text.startup._GLOBAL__sub_I__ZN14EthernetClient8_srcportE
                0x000059ea       0x1a ./gr_common/RLduino78/libraries/Ethernet/EthernetClient.o
 .text.startup._GLOBAL__sub_I__ZN14EthernetServerC2Et
                0x00005a04       0x1a ./gr_common/RLduino78/libraries/Ethernet/EthernetServer.o
 .text.startup._GLOBAL__sub_I__ZN11EthernetUDPC2Ev
                0x00005a1e       0x1a ./gr_common/RLduino78/libraries/Ethernet/EthernetUdp.o
 .text.startup._GLOBAL__sub_I__ZN7TwitterC2EPKc
                0x00005a38       0x1a ./gr_common/RLduino78/libraries/Ethernet/Twitter.o
 .text._ZN12FirmataClass11systemResetEv
                0x00005a52       0x4f ./gr_common/RLduino78/libraries/Firmata/Firmata.o
                0x00005a52                FirmataClass::systemReset()
 .text.startup._GLOBAL__sub_I__ZN12FirmataClass23sendValueAsTwo7bitBytesEi
                0x00005aa1       0x21 ./gr_common/RLduino78/libraries/Firmata/Firmata.o
 .text.startup._GLOBAL__sub_I__Z20getNextPathComponentPcPjS_
                0x00005ac2       0x30 ./gr_common/RLduino78/libraries/SD/SD.o
 .text._ZL7spiSendh
                0x00005af2       0x18 ./gr_common/RLduino78/libraries/SD/utility/Sd2Card.o
 .text._ZL6spiRecv
                0x00005b0a       0x12 ./gr_common/RLduino78/libraries/SD/utility/Sd2Card.o
 .text._ZN7Sd2Card14chipSelectHighEv
                0x00005b1c       0x16 ./gr_common/RLduino78/libraries/SD/utility/Sd2Card.o
                0x00005b1c                Sd2Card::chipSelectHigh()
 .text._ZN7Sd2Card13chipSelectLowEv
                0x00005b32       0x16 ./gr_common/RLduino78/libraries/SD/utility/Sd2Card.o
                0x00005b32                Sd2Card::chipSelectLow()
 .text._ZN7Sd2Card7readEndEv
                0x00005b48       0x6f ./gr_common/RLduino78/libraries/SD/utility/Sd2Card.o
                0x00005b48                Sd2Card::readEnd()
 .text._ZN7Sd2Card11waitNotBusyEt
                0x00005bb7       0x3c ./gr_common/RLduino78/libraries/SD/utility/Sd2Card.o
                0x00005bb7                Sd2Card::waitNotBusy(unsigned short)
 .text._ZN7Sd2Card11cardCommandEhm
                0x00005bf3       0xe5 ./gr_common/RLduino78/libraries/SD/utility/Sd2Card.o
                0x00005bf3                Sd2Card::cardCommand(unsigned char, unsigned long)
 .text._ZN7Sd2Card14waitStartBlockEv
                0x00005cd8       0x6a ./gr_common/RLduino78/libraries/SD/utility/Sd2Card.o
                0x00005cd8                Sd2Card::waitStartBlock()
 .text._ZN7Sd2Card8readDataEmttPh
                0x00005d42      0x1aa ./gr_common/RLduino78/libraries/SD/utility/Sd2Card.o
                0x00005d42                Sd2Card::readData(unsigned long, unsigned short, unsigned short, unsigned char*)
 .text._ZN7Sd2Card9readBlockEmPh
                0x00005eec       0x21 ./gr_common/RLduino78/libraries/SD/utility/Sd2Card.o
                0x00005eec                Sd2Card::readBlock(unsigned long, unsigned char*)
 .text._ZN7Sd2Card9writeDataEhPKh
                0x00005f0d       0xb0 ./gr_common/RLduino78/libraries/SD/utility/Sd2Card.o
                0x00005f0d                Sd2Card::writeData(unsigned char, unsigned char const*)
 .text._ZN7Sd2Card10writeBlockEmPKh
                0x00005fbd       0xf3 ./gr_common/RLduino78/libraries/SD/utility/Sd2Card.o
                0x00005fbd                Sd2Card::writeBlock(unsigned long, unsigned char const*)
 .text._ZN6SdFile10addClusterEv
                0x000060b0       0x5e ./gr_common/RLduino78/libraries/SD/utility/SdFile.o
                0x000060b0                SdFile::addCluster()
 .text._ZN6SdFile13cacheDirEntryEh
                0x0000610e       0x45 ./gr_common/RLduino78/libraries/SD/utility/SdFile.o
                0x0000610e                SdFile::cacheDirEntry(unsigned char)
 .text._ZN6SdFile7seekSetEm
                0x00006153      0x1be ./gr_common/RLduino78/libraries/SD/utility/SdFile.o
                0x00006153                SdFile::seekSet(unsigned long)
 .text._ZN6SdFile4syncEv
                0x00006311       0xc4 ./gr_common/RLduino78/libraries/SD/utility/SdFile.o
                0x00006311                SdFile::sync()
 .text._ZN6SdFile5writeEPKvt
                0x000063d5      0x411 ./gr_common/RLduino78/libraries/SD/utility/SdFile.o
                0x000063d5                SdFile::write(void const*, unsigned short)
 .text._ZN6SdFile5writeEh
                0x000067e6       0x1a ./gr_common/RLduino78/libraries/SD/utility/SdFile.o
                0x000067e6                SdFile::write(unsigned char)
 .text._ZN8SdVolume10cacheFlushEv
                0x00006800       0x81 ./gr_common/RLduino78/libraries/SD/utility/SdVolume.o
                0x00006800                SdVolume::cacheFlush()
 .text._ZN8SdVolume13cacheRawBlockEmh
                0x00006881       0x72 ./gr_common/RLduino78/libraries/SD/utility/SdVolume.o
                0x00006881                SdVolume::cacheRawBlock(unsigned long, unsigned char)
 .text._ZNK8SdVolume6fatGetEmPm
                0x000068f3      0x165 ./gr_common/RLduino78/libraries/SD/utility/SdVolume.o
                0x000068f3                SdVolume::fatGet(unsigned long, unsigned long*) const
 .text._ZN8SdVolume6fatPutEmm
                0x00006a58      0x169 ./gr_common/RLduino78/libraries/SD/utility/SdVolume.o
                0x00006a58                SdVolume::fatPut(unsigned long, unsigned long)
 .text._ZN8SdVolume15allocContiguousEmPm
                0x00006bc1      0x28f ./gr_common/RLduino78/libraries/SD/utility/SdVolume.o
                0x00006bc1                SdVolume::allocContiguous(unsigned long, unsigned long*)
 .text._ZL17handle_interrupts18timer16_Sequence_t.constprop.0
                0x00006e50      0x197 ./gr_common/RLduino78/libraries/Servo/Servo.o
 .text.servo_interrupt
                0x00006fe7        0x5 ./gr_common/RLduino78/libraries/Servo/Servo.o
                0x00006fe7                servo_interrupt
 .text._ZN7TwoWire9availableEv
                0x00006fec       0x17 ./gr_common/RLduino78/libraries/Wire/Wire.o
                0x00006fec                TwoWire::available()
 .text._ZN7TwoWire4readEv
                0x00007003       0x2a ./gr_common/RLduino78/libraries/Wire/Wire.o
                0x00007003                TwoWire::read()
 .text._ZN7TwoWire4peekEv
                0x0000702d       0x26 ./gr_common/RLduino78/libraries/Wire/Wire.o
                0x0000702d                TwoWire::peek()
 .text._ZN7TwoWire5flushEv
                0x00007053        0x1 ./gr_common/RLduino78/libraries/Wire/Wire.o
                0x00007053                TwoWire::flush()
 .text._ZN7TwoWire5writeEPKhj
                0x00007054       0x6d ./gr_common/RLduino78/libraries/Wire/Wire.o
                0x00007054                TwoWire::write(unsigned char const*, unsigned int)
 .text._ZN7TwoWire5writeEh
                0x000070c1       0x5e ./gr_common/RLduino78/libraries/Wire/Wire.o
                0x000070c1                TwoWire::write(unsigned char)
 .text._ZN7TwoWireC2Ev
                0x0000711f       0x1d ./gr_common/RLduino78/libraries/Wire/Wire.o
                0x0000711f                TwoWire::TwoWire()
                0x0000711f                TwoWire::TwoWire()
 .text.startup._GLOBAL__sub_I__ZN7TwoWire8rxBufferE
                0x0000713c        0xe ./gr_common/RLduino78/libraries/Wire/Wire.o
 .text._ZN9__gnu_cxx27__verbose_terminate_handlerEv
                0x0000714a        0x1 ./gr_common/RLduino78/portable/e2studio/RL78/exception_handler.o
                0x0000714a                __gnu_cxx::__verbose_terminate_handler()
 .text.init_system_clock
                0x0000714b       0x57 ./gr_common/RLduino78/cores/RLduino78_timer.o
                0x0000714b                init_system_clock
 .text.init_interval_timer
                0x000071a2      0x158 ./gr_common/RLduino78/cores/RLduino78_timer.o
                0x000071a2                init_interval_timer
 .text.interval_timer
                0x000072fa       0x9f ./gr_common/RLduino78/cores/RLduino78_timer.o
                0x000072fa                interval_timer
 .text.twi_transmit
                0x00007399       0x52 ./gr_common/RLduino78/libraries/Wire/utility/twi.o
                0x00007399                twi_transmit
 .text.twi_stop
                0x000073eb       0x25 ./gr_common/RLduino78/libraries/Wire/utility/twi.o
                0x000073eb                twi_stop
 .text.twi_releaseBus
                0x00007410       0x12 ./gr_common/RLduino78/libraries/Wire/utility/twi.o
                0x00007410                twi_releaseBus
 .text.iica0_interrupt
                0x00007422      0x2b2 ./gr_common/RLduino78/libraries/Wire/utility/twi.o
                0x00007422                iica0_interrupt
 .text.INT_WDTI
                0x000076d4        0xc ./gr_common/RLduino78/portable/e2studio/RL78/interrupt_handlers.o
                0x000076d4                INT_WDTI
 .text.INT_LVI  0x000076e0        0xc ./gr_common/RLduino78/portable/e2studio/RL78/interrupt_handlers.o
                0x000076e0                INT_LVI
 .text.INT_P0   0x000076ec        0xc ./gr_common/RLduino78/portable/e2studio/RL78/interrupt_handlers.o
                0x000076ec                INT_P0
 .text.INT_P1   0x000076f8        0xc ./gr_common/RLduino78/portable/e2studio/RL78/interrupt_handlers.o
                0x000076f8                INT_P1
 .text.INT_P2   0x00007704        0xc ./gr_common/RLduino78/portable/e2studio/RL78/interrupt_handlers.o
                0x00007704                INT_P2
 .text.INT_P3   0x00007710       0x26 ./gr_common/RLduino78/portable/e2studio/RL78/interrupt_handlers.o
                0x00007710                INT_P3
 .text.INT_P4   0x00007736        0xc ./gr_common/RLduino78/portable/e2studio/RL78/interrupt_handlers.o
                0x00007736                INT_P4
 .text.INT_P5   0x00007742       0x26 ./gr_common/RLduino78/portable/e2studio/RL78/interrupt_handlers.o
                0x00007742                INT_P5
 .text.INT_ST2  0x00007768       0x26 ./gr_common/RLduino78/portable/e2studio/RL78/interrupt_handlers.o
                0x00007768                INT_ST2
 .text.INT_SR2  0x0000778e       0x26 ./gr_common/RLduino78/portable/e2studio/RL78/interrupt_handlers.o
                0x0000778e                INT_SR2
 .text.INT_SRE2
                0x000077b4       0x26 ./gr_common/RLduino78/portable/e2studio/RL78/interrupt_handlers.o
                0x000077b4                INT_SRE2
 .text.INT_DMA0
                0x000077da        0xc ./gr_common/RLduino78/portable/e2studio/RL78/interrupt_handlers.o
                0x000077da                INT_DMA0
 .text.INT_DMA1
                0x000077e6        0xc ./gr_common/RLduino78/portable/e2studio/RL78/interrupt_handlers.o
                0x000077e6                INT_DMA1
 .text.INT_ST0  0x000077f2       0x26 ./gr_common/RLduino78/portable/e2studio/RL78/interrupt_handlers.o
                0x000077f2                INT_ST0
 .text.INT_SR0  0x00007818       0x26 ./gr_common/RLduino78/portable/e2studio/RL78/interrupt_handlers.o
                0x00007818                INT_SR0
 .text.INT_TM01H
                0x0000783e       0x26 ./gr_common/RLduino78/portable/e2studio/RL78/interrupt_handlers.o
                0x0000783e                INT_TM01H
 .text.INT_ST1  0x00007864       0x26 ./gr_common/RLduino78/portable/e2studio/RL78/interrupt_handlers.o
                0x00007864                INT_ST1
 .text.INT_SR1  0x0000788a       0x26 ./gr_common/RLduino78/portable/e2studio/RL78/interrupt_handlers.o
                0x0000788a                INT_SR1
 .text.INT_TM03H
                0x000078b0       0x26 ./gr_common/RLduino78/portable/e2studio/RL78/interrupt_handlers.o
                0x000078b0                INT_TM03H
 .text.INT_IICA0
                0x000078d6       0x26 ./gr_common/RLduino78/portable/e2studio/RL78/interrupt_handlers.o
                0x000078d6                INT_IICA0
 .text.INT_TM00
                0x000078fc        0xc ./gr_common/RLduino78/portable/e2studio/RL78/interrupt_handlers.o
                0x000078fc                INT_TM00
 .text.INT_TM01
                0x00007908       0x3c ./gr_common/RLduino78/portable/e2studio/RL78/interrupt_handlers.o
                0x00007908                INT_TM01
 .text.INT_TM02
                0x00007944        0xc ./gr_common/RLduino78/portable/e2studio/RL78/interrupt_handlers.o
                0x00007944                INT_TM02
 .text.INT_TM03
                0x00007950        0xc ./gr_common/RLduino78/portable/e2studio/RL78/interrupt_handlers.o
                0x00007950                INT_TM03
 .text.INT_AD   0x0000795c       0x26 ./gr_common/RLduino78/portable/e2studio/RL78/interrupt_handlers.o
                0x0000795c                INT_AD
 .text.INT_RTC  0x00007982       0x26 ./gr_common/RLduino78/portable/e2studio/RL78/interrupt_handlers.o
                0x00007982                INT_RTC
 .text.INT_IT   0x000079a8       0x26 ./gr_common/RLduino78/portable/e2studio/RL78/interrupt_handlers.o
                0x000079a8                INT_IT
 .text.INT_KR   0x000079ce        0xc ./gr_common/RLduino78/portable/e2studio/RL78/interrupt_handlers.o
                0x000079ce                INT_KR
 .text.INT_TM04
                0x000079da       0x26 ./gr_common/RLduino78/portable/e2studio/RL78/interrupt_handlers.o
                0x000079da                INT_TM04
 .text.INT_TM05
                0x00007a00       0x26 ./gr_common/RLduino78/portable/e2studio/RL78/interrupt_handlers.o
                0x00007a00                INT_TM05
 .text.INT_TM06
                0x00007a26       0x26 ./gr_common/RLduino78/portable/e2studio/RL78/interrupt_handlers.o
                0x00007a26                INT_TM06
 .text.INT_TM07
                0x00007a4c        0xc ./gr_common/RLduino78/portable/e2studio/RL78/interrupt_handlers.o
                0x00007a4c                INT_TM07
 .text.INT_P6   0x00007a58        0xc ./gr_common/RLduino78/portable/e2studio/RL78/interrupt_handlers.o
                0x00007a58                INT_P6
 .text.INT_P7   0x00007a64        0xc ./gr_common/RLduino78/portable/e2studio/RL78/interrupt_handlers.o
                0x00007a64                INT_P7
 .text.INT_P8   0x00007a70        0xc ./gr_common/RLduino78/portable/e2studio/RL78/interrupt_handlers.o
                0x00007a70                INT_P8
 .text.INT_P9   0x00007a7c        0xc ./gr_common/RLduino78/portable/e2studio/RL78/interrupt_handlers.o
                0x00007a7c                INT_P9
 .text.INT_P10  0x00007a88        0xc ./gr_common/RLduino78/portable/e2studio/RL78/interrupt_handlers.o
                0x00007a88                INT_P10
 .text.INT_P11  0x00007a94        0xc ./gr_common/RLduino78/portable/e2studio/RL78/interrupt_handlers.o
                0x00007a94                INT_P11
 .text.INT_MD   0x00007aa0        0xc ./gr_common/RLduino78/portable/e2studio/RL78/interrupt_handlers.o
                0x00007aa0                INT_MD
 .text.INT_FL   0x00007aac        0xc ./gr_common/RLduino78/portable/e2studio/RL78/interrupt_handlers.o
                0x00007aac                INT_FL
 .text.INT_BRK_I
                0x00007ab8        0xc ./gr_common/RLduino78/portable/e2studio/RL78/interrupt_handlers.o
                0x00007ab8                INT_BRK_I
 .text          0x00007ac4       0xa0 ./gr_common/RLduino78/portable/e2studio/RL78/reset_program.o
                0x00007ac4                PowerON_Reset
                0x00007b26                rl78_run_preinit_array
                0x00007b31                rl78_run_init_array
                0x00007b3c                rl78_run_fini_array
 .text          0x00007b64       0xfc C:/Renesas/e2studio/GNURL78v14.03-ELF/rl78-elf/lib/gcc/rl78-elf/4.8-GNURL78_v14.03/crtbegin.o
 .text          0x00007c60       0x36 C:/Renesas/e2studio/GNURL78v14.03-ELF/rl78-elf/lib/gcc/rl78-elf/4.8-GNURL78_v14.03/crtend.o
 .text._ZN10__cxxabiv120__si_class_type_infoD2Ev
                0x00007c96       0x18 C:/Renesas/e2studio/GNURL78v14.03-ELF/rl78-elf/rl78-elf/lib\libstdc++.a(si_class_type_info.o)
                0x00007c96                __cxxabiv1::__si_class_type_info::~__si_class_type_info()
                0x00007c96                __cxxabiv1::__si_class_type_info::~__si_class_type_info()
 .text._ZN10__cxxabiv120__si_class_type_infoD0Ev
                0x00007cae       0x2a C:/Renesas/e2studio/GNURL78v14.03-ELF/rl78-elf/rl78-elf/lib\libstdc++.a(si_class_type_info.o)
                0x00007cae                __cxxabiv1::__si_class_type_info::~__si_class_type_info()
 .text._ZNK10__cxxabiv120__si_class_type_info12__do_dyncastEiNS_17__class_type_info10__sub_kindEPKS1_PKvS4_S6_RNS1_16__dyncast_resultE
                0x00007cd8      0x14f C:/Renesas/e2studio/GNURL78v14.03-ELF/rl78-elf/rl78-elf/lib\libstdc++.a(si_class_type_info.o)
                0x00007cd8                __cxxabiv1::__si_class_type_info::__do_dyncast(int, __cxxabiv1::__class_type_info::__sub_kind, __cxxabiv1::__class_type_info const*, void const*, __cxxabiv1::__class_type_info const*, void const*, __cxxabiv1::__class_type_info::__dyncast_result&) const
 .text._ZNK10__cxxabiv120__si_class_type_info20__do_find_public_srcEiPKvPKNS_17__class_type_infoES2_
                0x00007e27       0x95 C:/Renesas/e2studio/GNURL78v14.03-ELF/rl78-elf/rl78-elf/lib\libstdc++.a(si_class_type_info.o)
                0x00007e27                __cxxabiv1::__si_class_type_info::__do_find_public_src(int, void const*, __cxxabiv1::__class_type_info const*, void const*) const
 .text._ZNK10__cxxabiv120__si_class_type_info11__do_upcastEPKNS_17__class_type_infoEPKvRNS1_15__upcast_resultE
                0x00007ebc       0x5c C:/Renesas/e2studio/GNURL78v14.03-ELF/rl78-elf/rl78-elf/lib\libstdc++.a(si_class_type_info.o)
                0x00007ebc                __cxxabiv1::__si_class_type_info::__do_upcast(__cxxabiv1::__class_type_info const*, void const*, __cxxabiv1::__class_type_info::__upcast_result&) const
 .text._ZL23__gxx_exception_cleanup19_Unwind_Reason_CodeP17_Unwind_Exception
                0x00007f18       0x68 C:/Renesas/e2studio/GNURL78v14.03-ELF/rl78-elf/rl78-elf/lib\libstdc++.a(eh_throw.o)
 .text.__cxa_throw
                0x00007f80       0xcd C:/Renesas/e2studio/GNURL78v14.03-ELF/rl78-elf/rl78-elf/lib\libstdc++.a(eh_throw.o)
                0x00007f80                __cxa_throw
 .text.__cxa_rethrow
                0x0000804d      0x29b C:/Renesas/e2studio/GNURL78v14.03-ELF/rl78-elf/rl78-elf/lib\libstdc++.a(eh_throw.o)
                0x0000804d                __cxa_rethrow
 .text._ZNK10__cxxabiv117__class_type_info11__do_upcastEPKS0_PPv
                0x000082e8       0x6f C:/Renesas/e2studio/GNURL78v14.03-ELF/rl78-elf/rl78-elf/lib\libstdc++.a(class_type_info.o)
                0x000082e8                __cxxabiv1::__class_type_info::__do_upcast(__cxxabiv1::__class_type_info const*, void**) const
 .text._ZNK10__cxxabiv117__class_type_info20__do_find_public_srcEiPKvPKS0_S2_
                0x00008357       0x16 C:/Renesas/e2studio/GNURL78v14.03-ELF/rl78-elf/rl78-elf/lib\libstdc++.a(class_type_info.o)
                0x00008357                __cxxabiv1::__class_type_info::__do_find_public_src(int, void const*, __cxxabiv1::__class_type_info const*, void const*) const
 .text._ZN10__cxxabiv117__class_type_infoD2Ev
                0x0000836d       0x18 C:/Renesas/e2studio/GNURL78v14.03-ELF/rl78-elf/rl78-elf/lib\libstdc++.a(class_type_info.o)
                0x0000836d                __cxxabiv1::__class_type_info::~__class_type_info()
                0x0000836d                __cxxabiv1::__class_type_info::~__class_type_info()
 .text._ZN10__cxxabiv117__class_type_infoD0Ev
                0x00008385       0x2a C:/Renesas/e2studio/GNURL78v14.03-ELF/rl78-elf/rl78-elf/lib\libstdc++.a(class_type_info.o)
                0x00008385                __cxxabiv1::__class_type_info::~__class_type_info()
 .text._ZNK10__cxxabiv117__class_type_info11__do_upcastEPKS0_PKvRNS0_15__upcast_resultE
                0x000083af       0x6b C:/Renesas/e2studio/GNURL78v14.03-ELF/rl78-elf/rl78-elf/lib\libstdc++.a(class_type_info.o)
                0x000083af                __cxxabiv1::__class_type_info::__do_upcast(__cxxabiv1::__class_type_info const*, void const*, __cxxabiv1::__class_type_info::__upcast_result&) const
 .text._ZNK10__cxxabiv117__class_type_info10__do_catchEPKSt9type_infoPPvj
                0x0000841a       0x89 C:/Renesas/e2studio/GNURL78v14.03-ELF/rl78-elf/rl78-elf/lib\libstdc++.a(class_type_info.o)
                0x0000841a                __cxxabiv1::__class_type_info::__do_catch(std::type_info const*, void**, unsigned int) const
 .text._ZNK10__cxxabiv117__class_type_info12__do_dyncastEiNS0_10__sub_kindEPKS0_PKvS3_S5_RNS0_16__dyncast_resultE
                0x000084a3       0xc1 C:/Renesas/e2studio/GNURL78v14.03-ELF/rl78-elf/rl78-elf/lib\libstdc++.a(class_type_info.o)
                0x000084a3                __cxxabiv1::__class_type_info::__do_dyncast(int, __cxxabiv1::__class_type_info::__sub_kind, __cxxabiv1::__class_type_info const*, void const*, __cxxabiv1::__class_type_info const*, void const*, __cxxabiv1::__class_type_info::__dyncast_result&) const
 .text.__cxa_begin_catch
                0x00008564      0x2e2 C:/Renesas/e2studio/GNURL78v14.03-ELF/rl78-elf/rl78-elf/lib\libstdc++.a(eh_catch.o)
                0x00008564                __cxa_begin_catch
 .text.__cxa_end_catch
                0x00008846      0x2eb C:/Renesas/e2studio/GNURL78v14.03-ELF/rl78-elf/rl78-elf/lib\libstdc++.a(eh_catch.o)
                0x00008846                __cxa_end_catch
 .text._ZdlPv   0x00008b31       0x16 C:/Renesas/e2studio/GNURL78v14.03-ELF/rl78-elf/rl78-elf/lib\libstdc++.a(del_op.o)
                0x00008b31                operator delete(void*)
 .text._ZN10__cxxabiv111__terminateEPFvvE
                0x00008b47       0x99 C:/Renesas/e2studio/GNURL78v14.03-ELF/rl78-elf/rl78-elf/lib\libstdc++.a(eh_terminate.o)
                0x00008b47                __cxxabiv1::__terminate(void (*)())
 .text._ZSt9terminatev
                0x00008be0        0xb C:/Renesas/e2studio/GNURL78v14.03-ELF/rl78-elf/rl78-elf/lib\libstdc++.a(eh_terminate.o)
                0x00008be0                std::terminate()
 .text._ZN10__cxxabiv112__unexpectedEPFvvE
                0x00008beb        0x9 C:/Renesas/e2studio/GNURL78v14.03-ELF/rl78-elf/rl78-elf/lib\libstdc++.a(eh_terminate.o)
                0x00008beb                __cxxabiv1::__unexpected(void (*)())
 .text._ZSt10unexpectedv
                0x00008bf4        0xb C:/Renesas/e2studio/GNURL78v14.03-ELF/rl78-elf/rl78-elf/lib\libstdc++.a(eh_terminate.o)
                0x00008bf4                std::unexpected()
 .text._ZL12read_sleb128PKhPl
                0x00008bff      0x114 C:/Renesas/e2studio/GNURL78v14.03-ELF/rl78-elf/rl78-elf/lib\libstdc++.a(eh_personality.o)
 .text._ZL16get_adjusted_ptrPKSt9type_infoS1_PPv
                0x00008d13       0x71 C:/Renesas/e2studio/GNURL78v14.03-ELF/rl78-elf/rl78-elf/lib\libstdc++.a(eh_personality.o)
 .text._ZL28read_encoded_value_with_basehjPKhPj
                0x00008d84      0x2ec C:/Renesas/e2studio/GNURL78v14.03-ELF/rl78-elf/rl78-elf/lib\libstdc++.a(eh_personality.o)
 .text._ZL15get_ttype_entryP16lsda_header_infom
                0x00009070       0xcb C:/Renesas/e2studio/GNURL78v14.03-ELF/rl78-elf/rl78-elf/lib\libstdc++.a(eh_personality.o)
 .text._ZL20check_exception_specP16lsda_header_infoPKSt9type_infoPvl
                0x0000913b      0x10a C:/Renesas/e2studio/GNURL78v14.03-ELF/rl78-elf/rl78-elf/lib\libstdc++.a(eh_personality.o)
 .text._ZL21base_of_encoded_valuehP15_Unwind_Context
                0x00009245       0x7c C:/Renesas/e2studio/GNURL78v14.03-ELF/rl78-elf/rl78-elf/lib\libstdc++.a(eh_personality.o)
 .text._ZL17parse_lsda_headerP15_Unwind_ContextPKhP16lsda_header_info
                0x000092c1      0x250 C:/Renesas/e2studio/GNURL78v14.03-ELF/rl78-elf/rl78-elf/lib\libstdc++.a(eh_personality.o)
 .text.__gxx_personality_sj0
                0x00009511      0x956 C:/Renesas/e2studio/GNURL78v14.03-ELF/rl78-elf/rl78-elf/lib\libstdc++.a(eh_personality.o)
                0x00009511                __gxx_personality_sj0
 .text.__cxa_call_unexpected
                0x00009e67      0x1b3 C:/Renesas/e2studio/GNURL78v14.03-ELF/rl78-elf/rl78-elf/lib\libstdc++.a(eh_personality.o)
                0x00009e67                __cxa_call_unexpected
 .text.__cxa_allocate_exception
                0x0000a01a       0xb9 C:/Renesas/e2studio/GNURL78v14.03-ELF/rl78-elf/rl78-elf/lib\libstdc++.a(eh_alloc.o)
                0x0000a01a                __cxa_allocate_exception
 .text.__cxa_free_exception
                0x0000a0d3       0x59 C:/Renesas/e2studio/GNURL78v14.03-ELF/rl78-elf/rl78-elf/lib\libstdc++.a(eh_alloc.o)
                0x0000a0d3                __cxa_free_exception
 .text._ZNSt9exceptionD2Ev
                0x0000a12c        0xa C:/Renesas/e2studio/GNURL78v14.03-ELF/rl78-elf/rl78-elf/lib\libstdc++.a(eh_exception.o)
                0x0000a12c                std::exception::~exception()
                0x0000a12c                std::exception::~exception()
 .text._ZNSt13bad_exceptionD2Ev
                0x0000a136        0xa C:/Renesas/e2studio/GNURL78v14.03-ELF/rl78-elf/rl78-elf/lib\libstdc++.a(eh_exception.o)
                0x0000a136                std::bad_exception::~bad_exception()
                0x0000a136                std::bad_exception::~bad_exception()
 .text._ZNKSt9exception4whatEv
                0x0000a140        0x5 C:/Renesas/e2studio/GNURL78v14.03-ELF/rl78-elf/rl78-elf/lib\libstdc++.a(eh_exception.o)
                0x0000a140                std::exception::what() const
 .text._ZNKSt13bad_exception4whatEv
                0x0000a145        0x5 C:/Renesas/e2studio/GNURL78v14.03-ELF/rl78-elf/rl78-elf/lib\libstdc++.a(eh_exception.o)
                0x0000a145                std::bad_exception::what() const
 .text._ZNSt9exceptionD0Ev
                0x0000a14a       0x18 C:/Renesas/e2studio/GNURL78v14.03-ELF/rl78-elf/rl78-elf/lib\libstdc++.a(eh_exception.o)
                0x0000a14a                std::exception::~exception()
 .text._ZNSt13bad_exceptionD0Ev
                0x0000a162       0x18 C:/Renesas/e2studio/GNURL78v14.03-ELF/rl78-elf/rl78-elf/lib\libstdc++.a(eh_exception.o)
                0x0000a162                std::bad_exception::~bad_exception()
 .text.__cxa_call_terminate
                0x0000a17a      0x25e C:/Renesas/e2studio/GNURL78v14.03-ELF/rl78-elf/rl78-elf/lib\libstdc++.a(eh_call.o)
                0x0000a17a                __cxa_call_terminate
 .text._ZNSt9type_infoD2Ev
                0x0000a3d8        0xa C:/Renesas/e2studio/GNURL78v14.03-ELF/rl78-elf/rl78-elf/lib\libstdc++.a(tinfo.o)
                0x0000a3d8                std::type_info::~type_info()
                0x0000a3d8                std::type_info::~type_info()
 .text._ZNKSt9type_info14__is_pointer_pEv
                0x0000a3e2        0x3 C:/Renesas/e2studio/GNURL78v14.03-ELF/rl78-elf/rl78-elf/lib\libstdc++.a(tinfo.o)
                0x0000a3e2                std::type_info::__is_pointer_p() const
 .text._ZNKSt9type_info15__is_function_pEv
                0x0000a3e5        0x3 C:/Renesas/e2studio/GNURL78v14.03-ELF/rl78-elf/rl78-elf/lib\libstdc++.a(tinfo.o)
                0x0000a3e5                std::type_info::__is_function_p() const
 .text._ZNKSt9type_info11__do_upcastEPKN10__cxxabiv117__class_type_infoEPPv
                0x0000a3e8        0x3 C:/Renesas/e2studio/GNURL78v14.03-ELF/rl78-elf/rl78-elf/lib\libstdc++.a(tinfo.o)
                0x0000a3e8                std::type_info::__do_upcast(__cxxabiv1::__class_type_info const*, void**) const
 .text._ZNSt9type_infoD0Ev
                0x0000a3eb       0x18 C:/Renesas/e2studio/GNURL78v14.03-ELF/rl78-elf/rl78-elf/lib\libstdc++.a(tinfo.o)
                0x0000a3eb                std::type_info::~type_info()
 .text._ZNKSt9type_info10__do_catchEPKS_PPvj
                0x0000a403       0x45 C:/Renesas/e2studio/GNURL78v14.03-ELF/rl78-elf/rl78-elf/lib\libstdc++.a(tinfo.o)
                0x0000a403                std::type_info::__do_catch(std::type_info const*, void**, unsigned int) const
 .text.__cxa_get_globals_fast
                0x0000a448        0x5 C:/Renesas/e2studio/GNURL78v14.03-ELF/rl78-elf/rl78-elf/lib\libstdc++.a(eh_globals.o)
                0x0000a448                __cxa_get_globals_fast
 .text.__cxa_get_globals
                0x0000a44d        0x5 C:/Renesas/e2studio/GNURL78v14.03-ELF/rl78-elf/rl78-elf/lib\libstdc++.a(eh_globals.o)
                0x0000a44d                __cxa_get_globals
 .text          0x0000a452       0x24 C:/Renesas/e2studio/GNURL78v14.03-ELF/rl78-elf/rl78-elf/lib\libc.a(lib_a-malloc.o)
                0x0000a452                malloc
                0x0000a464                free
 .text          0x0000a476      0xa35 C:/Renesas/e2studio/GNURL78v14.03-ELF/rl78-elf/rl78-elf/lib\libc.a(lib_a-mallocr.o)
                0x0000a476                _malloc_r
 .text          0x0000aeab       0x23 C:/Renesas/e2studio/GNURL78v14.03-ELF/rl78-elf/rl78-elf/lib\libc.a(lib_a-memset.o)
                0x0000aeab                memset
 .text          0x0000aece        0x2 C:/Renesas/e2studio/GNURL78v14.03-ELF/rl78-elf/rl78-elf/lib\libc.a(lib_a-mlock.o)
                0x0000aece                __malloc_lock
                0x0000aecf                __malloc_unlock
 .text          0x0000aed0      0x330 C:/Renesas/e2studio/GNURL78v14.03-ELF/rl78-elf/rl78-elf/lib\libc.a(lib_a-rand.o)
                0x0000aed0                srand
                0x0000af08                rand
 .text          0x0000b200       0x30 C:/Renesas/e2studio/GNURL78v14.03-ELF/rl78-elf/rl78-elf/lib\libc.a(lib_a-sbrkr.o)
                0x0000b200                _sbrk_r
 .text          0x0000b230       0x41 C:/Renesas/e2studio/GNURL78v14.03-ELF/rl78-elf/rl78-elf/lib\libc.a(lib_a-strcmp.o)
                0x0000b230                strcmp
 .text          0x0000b271       0x25 C:/Renesas/e2studio/GNURL78v14.03-ELF/rl78-elf/rl78-elf/lib\libc.a(lib_a-strlen.o)
                0x0000b271                strlen
 .text          0x0000b296      0x4bd C:/Renesas/e2studio/GNURL78v14.03-ELF/rl78-elf/rl78-elf/lib\libc.a(lib_a-freer.o)
                0x0000b296                _malloc_trim_r
                0x0000b404                _free_r
 .text.__muldi3
                0x0000b753      0x2d5 C:/Renesas/e2studio/GNURL78v14.03-ELF/rl78-elf/lib/gcc/rl78-elf/4.8-GNURL78_v14.03\libgcc.a(_muldi3.o)
                0x0000b753                __muldi3
 .text.__lshrdi3
                0x0000ba28      0x1de C:/Renesas/e2studio/GNURL78v14.03-ELF/rl78-elf/lib/gcc/rl78-elf/4.8-GNURL78_v14.03\libgcc.a(_lshrdi3.o)
                0x0000ba28                __lshrdi3
 .text.___mulsi3
                0x0000bc06       0xa7 C:/Renesas/e2studio/GNURL78v14.03-ELF/rl78-elf/lib/gcc/rl78-elf/4.8-GNURL78_v14.03\libgcc.a(mulsi3.o)
                0x0000bc06                __mulsi3
 .text.___mulhi3
                0x0000bcad       0x2c C:/Renesas/e2studio/GNURL78v14.03-ELF/rl78-elf/lib/gcc/rl78-elf/4.8-GNURL78_v14.03\libgcc.a(mulsi3.o)
                0x0000bcad                __mulhi3
 .text.__generic_sidivmod_d
                0x0000bcd9      0x149 C:/Renesas/e2studio/GNURL78v14.03-ELF/rl78-elf/lib/gcc/rl78-elf/4.8-GNURL78_v14.03\libgcc.a(divmodsi.o)
                0x0000bcd9                _generic_sidivmod_d
                0x0000bcf3                _generic_sidiv
 .text.___udivsi3
                0x0000be22        0x4 C:/Renesas/e2studio/GNURL78v14.03-ELF/rl78-elf/lib/gcc/rl78-elf/4.8-GNURL78_v14.03\libgcc.a(divmodsi.o)
                0x0000be22                __udivsi3
 .text.___divsi3
                0x0000be26       0xa9 C:/Renesas/e2studio/GNURL78v14.03-ELF/rl78-elf/lib/gcc/rl78-elf/4.8-GNURL78_v14.03\libgcc.a(divmodsi.o)
                0x0000be26                __divsi3
 .text.__generic_hidivmod_d
                0x0000becf       0x68 C:/Renesas/e2studio/GNURL78v14.03-ELF/rl78-elf/lib/gcc/rl78-elf/4.8-GNURL78_v14.03\libgcc.a(divmodhi.o)
                0x0000becf                _generic_hidivmod_d
                0x0000bed4                _generic_hidiv
 .text.__generic_hidivmod_m
                0x0000bf37       0x51 C:/Renesas/e2studio/GNURL78v14.03-ELF/rl78-elf/lib/gcc/rl78-elf/4.8-GNURL78_v14.03\libgcc.a(divmodhi.o)
                0x0000bf37                _generic_hidivmod_m
                0x0000bf3c                _generic_himod
 .text.___udivhi3
                0x0000bf88        0x4 C:/Renesas/e2studio/GNURL78v14.03-ELF/rl78-elf/lib/gcc/rl78-elf/4.8-GNURL78_v14.03\libgcc.a(divmodhi.o)
                0x0000bf88                __udivhi3
 .text.___umodhi3
                0x0000bf8c        0x4 C:/Renesas/e2studio/GNURL78v14.03-ELF/rl78-elf/lib/gcc/rl78-elf/4.8-GNURL78_v14.03\libgcc.a(divmodhi.o)
                0x0000bf8c                __umodhi3
 .text.___modhi3
                0x0000bf90       0x6b C:/Renesas/e2studio/GNURL78v14.03-ELF/rl78-elf/lib/gcc/rl78-elf/4.8-GNURL78_v14.03\libgcc.a(divmodhi.o)
                0x0000bf90                __modhi3
 .text.uw_install_context.isra.1
                0x0000bffb       0x26 C:/Renesas/e2studio/GNURL78v14.03-ELF/rl78-elf/lib/gcc/rl78-elf/4.8-GNURL78_v14.03\libgcc.a(unwind-sjlj.o)
 .text._Unwind_ForcedUnwind_Phase2
                0x0000c021      0x10b C:/Renesas/e2studio/GNURL78v14.03-ELF/rl78-elf/lib/gcc/rl78-elf/4.8-GNURL78_v14.03\libgcc.a(unwind-sjlj.o)
 .text._Unwind_RaiseException_Phase2
                0x0000c12c       0xf5 C:/Renesas/e2studio/GNURL78v14.03-ELF/rl78-elf/lib/gcc/rl78-elf/4.8-GNURL78_v14.03\libgcc.a(unwind-sjlj.o)
 .text._Unwind_SjLj_Register
                0x0000c221       0x17 C:/Renesas/e2studio/GNURL78v14.03-ELF/rl78-elf/lib/gcc/rl78-elf/4.8-GNURL78_v14.03\libgcc.a(unwind-sjlj.o)
                0x0000c221                _Unwind_SjLj_Register
 .text._Unwind_SjLj_Unregister
                0x0000c238        0x8 C:/Renesas/e2studio/GNURL78v14.03-ELF/rl78-elf/lib/gcc/rl78-elf/4.8-GNURL78_v14.03\libgcc.a(unwind-sjlj.o)
                0x0000c238                _Unwind_SjLj_Unregister
 .text._Unwind_SetGR
                0x0000c240       0x1d C:/Renesas/e2studio/GNURL78v14.03-ELF/rl78-elf/lib/gcc/rl78-elf/4.8-GNURL78_v14.03\libgcc.a(unwind-sjlj.o)
                0x0000c240                _Unwind_SetGR
 .text._Unwind_GetIPInfo
                0x0000c25d       0x1d C:/Renesas/e2studio/GNURL78v14.03-ELF/rl78-elf/lib/gcc/rl78-elf/4.8-GNURL78_v14.03\libgcc.a(unwind-sjlj.o)
                0x0000c25d                _Unwind_GetIPInfo
 .text._Unwind_SetIP
                0x0000c27a        0xc C:/Renesas/e2studio/GNURL78v14.03-ELF/rl78-elf/lib/gcc/rl78-elf/4.8-GNURL78_v14.03\libgcc.a(unwind-sjlj.o)
                0x0000c27a                _Unwind_SetIP
 .text._Unwind_GetLanguageSpecificData
                0x0000c286        0xa C:/Renesas/e2studio/GNURL78v14.03-ELF/rl78-elf/lib/gcc/rl78-elf/4.8-GNURL78_v14.03\libgcc.a(unwind-sjlj.o)
                0x0000c286                _Unwind_GetLanguageSpecificData
 .text._Unwind_GetRegionStart
                0x0000c290        0x5 C:/Renesas/e2studio/GNURL78v14.03-ELF/rl78-elf/lib/gcc/rl78-elf/4.8-GNURL78_v14.03\libgcc.a(unwind-sjlj.o)
                0x0000c290                _Unwind_GetRegionStart
 .text._Unwind_GetDataRelBase
                0x0000c295        0x5 C:/Renesas/e2studio/GNURL78v14.03-ELF/rl78-elf/lib/gcc/rl78-elf/4.8-GNURL78_v14.03\libgcc.a(unwind-sjlj.o)
                0x0000c295                _Unwind_GetDataRelBase
 .text._Unwind_GetTextRelBase
                0x0000c29a        0x5 C:/Renesas/e2studio/GNURL78v14.03-ELF/rl78-elf/lib/gcc/rl78-elf/4.8-GNURL78_v14.03\libgcc.a(unwind-sjlj.o)
                0x0000c29a                _Unwind_GetTextRelBase
 .text._Unwind_SjLj_RaiseException
                0x0000c29f       0xda C:/Renesas/e2studio/GNURL78v14.03-ELF/rl78-elf/lib/gcc/rl78-elf/4.8-GNURL78_v14.03\libgcc.a(unwind-sjlj.o)
                0x0000c29f                _Unwind_SjLj_RaiseException
 .text._Unwind_SjLj_Resume
                0x0000c379       0x5d C:/Renesas/e2studio/GNURL78v14.03-ELF/rl78-elf/lib/gcc/rl78-elf/4.8-GNURL78_v14.03\libgcc.a(unwind-sjlj.o)
                0x0000c379                _Unwind_SjLj_Resume
 .text._Unwind_SjLj_Resume_or_Rethrow
                0x0000c3d6       0x51 C:/Renesas/e2studio/GNURL78v14.03-ELF/rl78-elf/lib/gcc/rl78-elf/4.8-GNURL78_v14.03\libgcc.a(unwind-sjlj.o)
                0x0000c3d6                _Unwind_SjLj_Resume_or_Rethrow
 .text._Unwind_DeleteException
                0x0000c427       0x23 C:/Renesas/e2studio/GNURL78v14.03-ELF/rl78-elf/lib/gcc/rl78-elf/4.8-GNURL78_v14.03\libgcc.a(unwind-sjlj.o)
                0x0000c427                _Unwind_DeleteException
 .text          0x0000c44a       0x1f C:/Renesas/e2studio/GNURL78v14.03-ELF/rl78-elf/rl78-elf/lib\libnosys.a(sbrk.o)
                0x0000c44a                sbrk
 *(PFDL_COD)
 *reset_program.o(.text)
 *(.text.*personality*)
 *(.gnu.warning)
 *(.interp .hash .dynsym .dynstr .gnu.version*)
                0x0000c469                PROVIDE (__etext, .)
                0x0000c469                PROVIDE (_etext, .)
                0x0000c469                PROVIDE (etext, .)
                0x0000c46a                . = ALIGN (0x2)
 *fill*         0x0000c469        0x1 
 *(.init)
 .init          0x0000c46a        0x0 ./gr_common/RLduino78/portable/e2studio/RL78/reset_program.o
                0x0000c46a                _rl78_init
 .init          0x0000c46a        0x4 C:/Renesas/e2studio/GNURL78v14.03-ELF/rl78-elf/lib/gcc/rl78-elf/4.8-GNURL78_v14.03/crtbegin.o
 .init          0x0000c46e        0x4 C:/Renesas/e2studio/GNURL78v14.03-ELF/rl78-elf/lib/gcc/rl78-elf/4.8-GNURL78_v14.03/crtend.o
 .init          0x0000c472        0x9 C:/Renesas/e2studio/GNURL78v14.03-ELF/rl78-elf/rl78-elf/lib/crtn.o
                0x0000c47b                _rl78_init_end
 *(.fini)
 .fini          0x0000c47b        0x4 ./gr_common/RLduino78/portable/e2studio/RL78/reset_program.o
                0x0000c47b                _rl78_fini
 .fini          0x0000c47f        0x4 C:/Renesas/e2studio/GNURL78v14.03-ELF/rl78-elf/lib/gcc/rl78-elf/4.8-GNURL78_v14.03/crtbegin.o
 .fini          0x0000c483        0x1 C:/Renesas/e2studio/GNURL78v14.03-ELF/rl78-elf/rl78-elf/lib/crtn.o
                0x0000c484                _rl78_fini_end

.stab
 *(.stab)

.stabstr
 *(.stabstr)

.stab.excl
 *(.stab.excl)

.stab.exclstr
 *(.stab.exclstr)

.stab.index
 *(.stab.index)

.stab.indexstr
 *(.stab.indexstr)

.comment        0x00000000      0x130
 *(.comment)
 .comment       0x00000000       0x98 ./gr_sketch.o
                                 0x99 (size before relaxing)
 .comment       0x00000000       0x99 ./gr_common/RLduino78/cores/HardwareSerial.o
 .comment       0x00000000       0x99 ./gr_common/RLduino78/cores/IPAddress.o
 .comment       0x00000000       0x99 ./gr_common/RLduino78/cores/Print.o
 .comment       0x00000000       0x99 ./gr_common/RLduino78/cores/RLduino78_basic.o
 .comment       0x00000000       0x99 ./gr_common/RLduino78/cores/RLduino78_main.o
 .comment       0x00000000       0x99 ./gr_common/RLduino78/cores/RLduino78_RTC.o
 .comment       0x00000000       0x99 ./gr_common/RLduino78/libraries/Ethernet/Dhcp.o
 .comment       0x00000000       0x99 ./gr_common/RLduino78/libraries/Ethernet/Dns.o
 .comment       0x00000000       0x99 ./gr_common/RLduino78/libraries/Ethernet/Ethernet.o
 .comment       0x00000000       0x99 ./gr_common/RLduino78/libraries/Ethernet/EthernetClient.o
 .comment       0x00000000       0x99 ./gr_common/RLduino78/libraries/Ethernet/EthernetServer.o
 .comment       0x00000000       0x99 ./gr_common/RLduino78/libraries/Ethernet/EthernetUdp.o
 .comment       0x00000000       0x99 ./gr_common/RLduino78/libraries/Ethernet/Twitter.o
 .comment       0x00000000       0x99 ./gr_common/RLduino78/libraries/Firmata/Firmata.o
 .comment       0x00000000       0x99 ./gr_common/RLduino78/libraries/SD/SD.o
 .comment       0x00000000       0x99 ./gr_common/RLduino78/libraries/SD/utility/Sd2Card.o
 .comment       0x00000000       0x99 ./gr_common/RLduino78/libraries/SD/utility/SdFile.o
 .comment       0x00000000       0x99 ./gr_common/RLduino78/libraries/SD/utility/SdVolume.o
 .comment       0x00000000       0x99 ./gr_common/RLduino78/libraries/Servo/Servo.o
 .comment       0x00000000       0x99 ./gr_common/RLduino78/libraries/Wire/Wire.o
 .comment       0x00000000       0x99 ./gr_common/RLduino78/portable/e2studio/RL78/exception_handler.o
 .comment       0x00000000       0x99 ./gr_common/RLduino78/cores/RLduino78_timer.o
 .comment       0x00000000       0x99 ./gr_common/RLduino78/libraries/Wire/utility/twi.o
 .comment       0x00000000       0x99 ./gr_common/RLduino78/portable/e2studio/RL78/interrupt_handlers.o
 .comment       0x00000000       0x99 ./gr_common/RLduino78/portable/e2studio/RL78/vector_table.o
 .comment       0x00000000       0x99 C:/Renesas/e2studio/GNURL78v14.03-ELF/rl78-elf/lib/gcc/rl78-elf/4.8-GNURL78_v14.03/crtbegin.o
 .comment       0x00000000       0x99 C:/Renesas/e2studio/GNURL78v14.03-ELF/rl78-elf/lib/gcc/rl78-elf/4.8-GNURL78_v14.03/crtend.o
 .comment       0x00000000       0x99 C:/Renesas/e2studio/GNURL78v14.03-ELF/rl78-elf/rl78-elf/lib\libstdc++.a(si_class_type_info.o)
 .comment       0x00000000       0x99 C:/Renesas/e2studio/GNURL78v14.03-ELF/rl78-elf/rl78-elf/lib\libstdc++.a(eh_throw.o)
 .comment       0x00000000       0x99 C:/Renesas/e2studio/GNURL78v14.03-ELF/rl78-elf/rl78-elf/lib\libstdc++.a(class_type_info.o)
 .comment       0x00000000       0x99 C:/Renesas/e2studio/GNURL78v14.03-ELF/rl78-elf/rl78-elf/lib\libstdc++.a(eh_catch.o)
 .comment       0x00000000       0x99 C:/Renesas/e2studio/GNURL78v14.03-ELF/rl78-elf/rl78-elf/lib\libstdc++.a(del_op.o)
 .comment       0x00000000       0x99 C:/Renesas/e2studio/GNURL78v14.03-ELF/rl78-elf/rl78-elf/lib\libstdc++.a(eh_terminate.o)
 .comment       0x00000000       0x99 C:/Renesas/e2studio/GNURL78v14.03-ELF/rl78-elf/rl78-elf/lib\libstdc++.a(eh_personality.o)
 .comment       0x00000000       0x99 C:/Renesas/e2studio/GNURL78v14.03-ELF/rl78-elf/rl78-elf/lib\libstdc++.a(eh_alloc.o)
 .comment       0x00000000       0x99 C:/Renesas/e2studio/GNURL78v14.03-ELF/rl78-elf/rl78-elf/lib\libstdc++.a(eh_unex_handler.o)
 .comment       0x00000000       0x99 C:/Renesas/e2studio/GNURL78v14.03-ELF/rl78-elf/rl78-elf/lib\libstdc++.a(eh_exception.o)
 .comment       0x00000000       0x99 C:/Renesas/e2studio/GNURL78v14.03-ELF/rl78-elf/rl78-elf/lib\libstdc++.a(eh_call.o)
 .comment       0x00000000       0x99 C:/Renesas/e2studio/GNURL78v14.03-ELF/rl78-elf/rl78-elf/lib\libstdc++.a(tinfo.o)
 .comment       0x00000000       0x99 C:/Renesas/e2studio/GNURL78v14.03-ELF/rl78-elf/rl78-elf/lib\libstdc++.a(eh_term_handler.o)
 .comment       0x00000000       0x99 C:/Renesas/e2studio/GNURL78v14.03-ELF/rl78-elf/rl78-elf/lib\libstdc++.a(eh_globals.o)
 .comment       0x00000098       0x98 C:/Renesas/e2studio/GNURL78v14.03-ELF/rl78-elf/rl78-elf/lib\libnosys.a(errno.o)
                                 0x99 (size before relaxing)
 .comment       0x00000000       0x99 C:/Renesas/e2studio/GNURL78v14.03-ELF/rl78-elf/rl78-elf/lib\libc.a(lib_a-malloc.o)
 .comment       0x00000000       0x99 C:/Renesas/e2studio/GNURL78v14.03-ELF/rl78-elf/rl78-elf/lib\libc.a(lib_a-mallocr.o)
 .comment       0x00000000       0x99 C:/Renesas/e2studio/GNURL78v14.03-ELF/rl78-elf/rl78-elf/lib\libc.a(lib_a-memset.o)
 .comment       0x00000000       0x99 C:/Renesas/e2studio/GNURL78v14.03-ELF/rl78-elf/rl78-elf/lib\libc.a(lib_a-mlock.o)
 .comment       0x00000000       0x99 C:/Renesas/e2studio/GNURL78v14.03-ELF/rl78-elf/rl78-elf/lib\libc.a(lib_a-rand.o)
 .comment       0x00000000       0x99 C:/Renesas/e2studio/GNURL78v14.03-ELF/rl78-elf/rl78-elf/lib\libc.a(lib_a-sbrkr.o)
 .comment       0x00000000       0x99 C:/Renesas/e2studio/GNURL78v14.03-ELF/rl78-elf/rl78-elf/lib\libc.a(lib_a-strcmp.o)
 .comment       0x00000000       0x99 C:/Renesas/e2studio/GNURL78v14.03-ELF/rl78-elf/rl78-elf/lib\libc.a(lib_a-strlen.o)
 .comment       0x00000000       0x99 C:/Renesas/e2studio/GNURL78v14.03-ELF/rl78-elf/rl78-elf/lib\libc.a(lib_a-freer.o)
 .comment       0x00000000       0x99 C:/Renesas/e2studio/GNURL78v14.03-ELF/rl78-elf/rl78-elf/lib\libc.a(lib_a-impure.o)
 .comment       0x00000000       0x99 C:/Renesas/e2studio/GNURL78v14.03-ELF/rl78-elf/lib/gcc/rl78-elf/4.8-GNURL78_v14.03\libgcc.a(_muldi3.o)
 .comment       0x00000000       0x99 C:/Renesas/e2studio/GNURL78v14.03-ELF/rl78-elf/lib/gcc/rl78-elf/4.8-GNURL78_v14.03\libgcc.a(_lshrdi3.o)
 .comment       0x00000000       0x99 C:/Renesas/e2studio/GNURL78v14.03-ELF/rl78-elf/lib/gcc/rl78-elf/4.8-GNURL78_v14.03\libgcc.a(unwind-sjlj.o)
 .comment       0x00000000       0x99 C:/Renesas/e2studio/GNURL78v14.03-ELF/rl78-elf/rl78-elf/lib\libnosys.a(sbrk.o)

.debug
 *(.debug)

.line
 *(.line)

.debug_srcinfo
 *(.debug_srcinfo)

.debug_sfnames
 *(.debug_sfnames)

.debug_aranges  0x00000000     0x1018
 *(.debug_aranges)
 .debug_aranges
                0x00000000       0x38 ./gr_sketch.o
 .debug_aranges
                0x00000038       0xd8 ./gr_common/RLduino78/cores/HardwareSerial.o
 .debug_aranges
                0x00000110       0x60 ./gr_common/RLduino78/cores/IPAddress.o
 .debug_aranges
                0x00000170       0xf0 ./gr_common/RLduino78/cores/Print.o
 .debug_aranges
                0x00000260      0x1d0 ./gr_common/RLduino78/cores/RLduino78_basic.o
 .debug_aranges
                0x00000430       0x30 ./gr_common/RLduino78/cores/RLduino78_main.o
 .debug_aranges
                0x00000460       0xa0 ./gr_common/RLduino78/cores/RLduino78_RTC.o
 .debug_aranges
                0x00000500       0x88 ./gr_common/RLduino78/libraries/Ethernet/Dhcp.o
 .debug_aranges
                0x00000588       0x48 ./gr_common/RLduino78/libraries/Ethernet/Dns.o
 .debug_aranges
                0x000005d0       0x88 ./gr_common/RLduino78/libraries/Ethernet/Ethernet.o
 .debug_aranges
                0x00000658       0x98 ./gr_common/RLduino78/libraries/Ethernet/EthernetClient.o
 .debug_aranges
                0x000006f0       0x50 ./gr_common/RLduino78/libraries/Ethernet/EthernetServer.o
 .debug_aranges
                0x00000740       0xa8 ./gr_common/RLduino78/libraries/Ethernet/EthernetUdp.o
 .debug_aranges
                0x000007e8       0x40 ./gr_common/RLduino78/libraries/Ethernet/Twitter.o
 .debug_aranges
                0x00000828       0xf8 ./gr_common/RLduino78/libraries/Firmata/Firmata.o
 .debug_aranges
                0x00000920       0xa0 ./gr_common/RLduino78/libraries/SD/SD.o
 .debug_aranges
                0x000009c0       0xc8 ./gr_common/RLduino78/libraries/SD/utility/Sd2Card.o
 .debug_aranges
                0x00000a88      0x130 ./gr_common/RLduino78/libraries/SD/utility/SdFile.o
 .debug_aranges
                0x00000bb8       0x60 ./gr_common/RLduino78/libraries/SD/utility/SdVolume.o
 .debug_aranges
                0x00000c18       0x78 ./gr_common/RLduino78/libraries/Servo/Servo.o
 .debug_aranges
                0x00000c90       0xd0 ./gr_common/RLduino78/libraries/Wire/Wire.o
 .debug_aranges
                0x00000d60       0x20 ./gr_common/RLduino78/portable/e2studio/RL78/exception_handler.o
 .debug_aranges
                0x00000d80       0x48 ./gr_common/RLduino78/cores/RLduino78_timer.o
 .debug_aranges
                0x00000dc8       0x70 ./gr_common/RLduino78/libraries/Wire/utility/twi.o
 .debug_aranges
                0x00000e38      0x170 ./gr_common/RLduino78/portable/e2studio/RL78/interrupt_handlers.o
 .debug_aranges
                0x00000fa8       0x18 ./gr_common/RLduino78/portable/e2studio/RL78/vector_table.o
 .debug_aranges
                0x00000fc0       0x30 ./gr_common/RLduino78/portable/e2studio/RL78/reset_program.o
 .debug_aranges
                0x00000ff0       0x28 C:/Renesas/e2studio/GNURL78v14.03-ELF/rl78-elf/rl78-elf/lib/crtn.o

.debug_pubnames
 *(.debug_pubnames)

.debug_info     0x00000000    0x2fada
 *(.debug_info .gnu.linkonce.wi.*)
 .debug_info    0x00000000      0xccc ./gr_sketch.o
 .debug_info    0x00000ccc     0x496d ./gr_common/RLduino78/cores/HardwareSerial.o
 .debug_info    0x00005639      0x901 ./gr_common/RLduino78/cores/IPAddress.o
 .debug_info    0x00005f3a     0x20c3 ./gr_common/RLduino78/cores/Print.o
 .debug_info    0x00007ffd     0x46c0 ./gr_common/RLduino78/cores/RLduino78_basic.o
 .debug_info    0x0000c6bd      0x3f2 ./gr_common/RLduino78/cores/RLduino78_main.o
 .debug_info    0x0000caaf      0xe84 ./gr_common/RLduino78/cores/RLduino78_RTC.o
 .debug_info    0x0000d933     0x1703 ./gr_common/RLduino78/libraries/Ethernet/Dhcp.o
 .debug_info    0x0000f036     0x111e ./gr_common/RLduino78/libraries/Ethernet/Dns.o
 .debug_info    0x00010154     0x2266 ./gr_common/RLduino78/libraries/Ethernet/Ethernet.o
 .debug_info    0x000123ba     0x3161 ./gr_common/RLduino78/libraries/Ethernet/EthernetClient.o
 .debug_info    0x0001551b     0x1c6c ./gr_common/RLduino78/libraries/Ethernet/EthernetServer.o
 .debug_info    0x00017187     0x316a ./gr_common/RLduino78/libraries/Ethernet/EthernetUdp.o
 .debug_info    0x0001a2f1      0x95e ./gr_common/RLduino78/libraries/Ethernet/Twitter.o